Archive member included to satisfy reference by file (symbol)

C:/muiinf-seu/STM32CubeIDE/plugins/com.st.stm32cube.ide.mcu.externaltools.gnu-tools-for-stm32.13.3.rel1.win32_1.0.0.202411081344/tools/bin/../lib/gcc/arm-none-eabi/13.3.1/../../../../arm-none-eabi/lib/thumb/v7e-m+fp/hard\libc_nano.a(libc_a-exit.o)
                              C:/muiinf-seu/STM32CubeIDE/plugins/com.st.stm32cube.ide.mcu.externaltools.gnu-tools-for-stm32.13.3.rel1.win32_1.0.0.202411081344/tools/bin/../lib/gcc/arm-none-eabi/13.3.1/../../../../arm-none-eabi/lib/thumb/v7e-m+fp/hard/crt0.o (exit)
C:/muiinf-seu/STM32CubeIDE/plugins/com.st.stm32cube.ide.mcu.externaltools.gnu-tools-for-stm32.13.3.rel1.win32_1.0.0.202411081344/tools/bin/../lib/gcc/arm-none-eabi/13.3.1/../../../../arm-none-eabi/lib/thumb/v7e-m+fp/hard\libc_nano.a(libc_a-malloc.o)
                              ./Core/Src/cJSON.o (malloc)
C:/muiinf-seu/STM32CubeIDE/plugins/com.st.stm32cube.ide.mcu.externaltools.gnu-tools-for-stm32.13.3.rel1.win32_1.0.0.202411081344/tools/bin/../lib/gcc/arm-none-eabi/13.3.1/../../../../arm-none-eabi/lib/thumb/v7e-m+fp/hard\libc_nano.a(libc_a-mallocr.o)
                              C:/muiinf-seu/STM32CubeIDE/plugins/com.st.stm32cube.ide.mcu.externaltools.gnu-tools-for-stm32.13.3.rel1.win32_1.0.0.202411081344/tools/bin/../lib/gcc/arm-none-eabi/13.3.1/../../../../arm-none-eabi/lib/thumb/v7e-m+fp/hard\libc_nano.a(libc_a-malloc.o) (_malloc_r)
C:/muiinf-seu/STM32CubeIDE/plugins/com.st.stm32cube.ide.mcu.externaltools.gnu-tools-for-stm32.13.3.rel1.win32_1.0.0.202411081344/tools/bin/../lib/gcc/arm-none-eabi/13.3.1/../../../../arm-none-eabi/lib/thumb/v7e-m+fp/hard\libc_nano.a(libc_a-mlock.o)
                              C:/muiinf-seu/STM32CubeIDE/plugins/com.st.stm32cube.ide.mcu.externaltools.gnu-tools-for-stm32.13.3.rel1.win32_1.0.0.202411081344/tools/bin/../lib/gcc/arm-none-eabi/13.3.1/../../../../arm-none-eabi/lib/thumb/v7e-m+fp/hard\libc_nano.a(libc_a-mallocr.o) (__malloc_lock)
C:/muiinf-seu/STM32CubeIDE/plugins/com.st.stm32cube.ide.mcu.externaltools.gnu-tools-for-stm32.13.3.rel1.win32_1.0.0.202411081344/tools/bin/../lib/gcc/arm-none-eabi/13.3.1/../../../../arm-none-eabi/lib/thumb/v7e-m+fp/hard\libc_nano.a(libc_a-rand.o)
                              ./Core/Src/task_TIME.o (rand)
C:/muiinf-seu/STM32CubeIDE/plugins/com.st.stm32cube.ide.mcu.externaltools.gnu-tools-for-stm32.13.3.rel1.win32_1.0.0.202411081344/tools/bin/../lib/gcc/arm-none-eabi/13.3.1/../../../../arm-none-eabi/lib/thumb/v7e-m+fp/hard\libc_nano.a(libc_a-realloc.o)
                              ./Core/Src/cJSON.o (realloc)
C:/muiinf-seu/STM32CubeIDE/plugins/com.st.stm32cube.ide.mcu.externaltools.gnu-tools-for-stm32.13.3.rel1.win32_1.0.0.202411081344/tools/bin/../lib/gcc/arm-none-eabi/13.3.1/../../../../arm-none-eabi/lib/thumb/v7e-m+fp/hard\libc_nano.a(libc_a-reallocr.o)
                              C:/muiinf-seu/STM32CubeIDE/plugins/com.st.stm32cube.ide.mcu.externaltools.gnu-tools-for-stm32.13.3.rel1.win32_1.0.0.202411081344/tools/bin/../lib/gcc/arm-none-eabi/13.3.1/../../../../arm-none-eabi/lib/thumb/v7e-m+fp/hard\libc_nano.a(libc_a-realloc.o) (_realloc_r)
C:/muiinf-seu/STM32CubeIDE/plugins/com.st.stm32cube.ide.mcu.externaltools.gnu-tools-for-stm32.13.3.rel1.win32_1.0.0.202411081344/tools/bin/../lib/gcc/arm-none-eabi/13.3.1/../../../../arm-none-eabi/lib/thumb/v7e-m+fp/hard\libc_nano.a(libc_a-strtod.o)
                              ./Core/Src/cJSON.o (strtod)
C:/muiinf-seu/STM32CubeIDE/plugins/com.st.stm32cube.ide.mcu.externaltools.gnu-tools-for-stm32.13.3.rel1.win32_1.0.0.202411081344/tools/bin/../lib/gcc/arm-none-eabi/13.3.1/../../../../arm-none-eabi/lib/thumb/v7e-m+fp/hard\libc_nano.a(libc_a-ctype_.o)
                              ./Core/Src/cJSON.o (_ctype_)
C:/muiinf-seu/STM32CubeIDE/plugins/com.st.stm32cube.ide.mcu.externaltools.gnu-tools-for-stm32.13.3.rel1.win32_1.0.0.202411081344/tools/bin/../lib/gcc/arm-none-eabi/13.3.1/../../../../arm-none-eabi/lib/thumb/v7e-m+fp/hard\libc_nano.a(libc_a-nano-vfprintf_float.o)
                              (_printf_float)
C:/muiinf-seu/STM32CubeIDE/plugins/com.st.stm32cube.ide.mcu.externaltools.gnu-tools-for-stm32.13.3.rel1.win32_1.0.0.202411081344/tools/bin/../lib/gcc/arm-none-eabi/13.3.1/../../../../arm-none-eabi/lib/thumb/v7e-m+fp/hard\libc_nano.a(libc_a-nano-vfprintf_i.o)
                              C:/muiinf-seu/STM32CubeIDE/plugins/com.st.stm32cube.ide.mcu.externaltools.gnu-tools-for-stm32.13.3.rel1.win32_1.0.0.202411081344/tools/bin/../lib/gcc/arm-none-eabi/13.3.1/../../../../arm-none-eabi/lib/thumb/v7e-m+fp/hard\libc_nano.a(libc_a-nano-vfprintf_float.o) (_printf_common)
C:/muiinf-seu/STM32CubeIDE/plugins/com.st.stm32cube.ide.mcu.externaltools.gnu-tools-for-stm32.13.3.rel1.win32_1.0.0.202411081344/tools/bin/../lib/gcc/arm-none-eabi/13.3.1/../../../../arm-none-eabi/lib/thumb/v7e-m+fp/hard\libc_nano.a(libc_a-fflush.o)
                              ./Core/Src/tareas.o (fflush)
[...]
Memory Configuration

Name             Origin             Length             Attributes
RAM              0x20000000         0x00020000         xrw
FLASH            0x08000000         0x00080000         xr
*default*        0x00000000         0xffffffff

Linker script and memory map

LOAD C:/muiinf-seu/STM32CubeIDE/plugins/com.st.stm32cube.ide.mcu.externaltools.gnu-tools-for-stm32.13.3.rel1.win32_1.0.0.202411081344/tools/bin/../lib/gcc/arm-none-eabi/13.3.1/thumb/v7e-m+fp/hard/crti.o
LOAD C:/muiinf-seu/STM32CubeIDE/plugins/com.st.stm32cube.ide.mcu.externaltools.gnu-tools-for-stm32.13.3.rel1.win32_1.0.0.202411081344/tools/bin/../lib/gcc/arm-none-eabi/13.3.1/thumb/v7e-m+fp/hard/crtbegin.o
LOAD C:/muiinf-seu/STM32CubeIDE/plugins/com.st.stm32cube.ide.mcu.externaltools.gnu-tools-for-stm32.13.3.rel1.win32_1.0.0.202411081344/tools/bin/../lib/gcc/arm-none-eabi/13.3.1/../../../../arm-none-eabi/lib/thumb/v7e-m+fp/hard/crt0.o
LOAD ./Core/Src/cJSON.o
LOAD ./Core/Src/cJSON_Utils.o
LOAD ./Core/Src/freertos.o
LOAD ./Core/Src/main.o
LOAD ./Core/Src/stm32f4xx_hal_msp.o
LOAD ./Core/Src/stm32f4xx_it.o
LOAD ./Core/Src/syscalls.o
LOAD ./Core/Src/sysmem.o
LOAD ./Core/Src/system_stm32f4xx.o
LOAD ./Core/Src/tareas.o
LOAD ./Core/Src/task_COMM.o
LOAD ./Core/Src/task_CONSOLE.o
LOAD ./Core/Src/task_EJER3.o
LOAD ./Core/Src/task_TIME.o
LOAD ./Core/Src/utility_buff.o
LOAD ./Core/Startup/startup_stm32f411retx.o
LOAD ./Drivers/STM32F4xx_HAL_Driver/Src/stm32f4xx_hal.o
LOAD ./Drivers/STM32F4xx_HAL_Driver/Src/stm32f4xx_hal_adc.o
LOAD ./Drivers/STM32F4xx_HAL_Driver/Src/stm32f4xx_hal_adc_ex.o
LOAD ./Drivers/STM32F4xx_HAL_Driver/Src/stm32f4xx_hal_cortex.o
LOAD ./Drivers/STM32F4xx_HAL_Driver/Src/stm32f4xx_hal_dma.o
LOAD ./Drivers/STM32F4xx_HAL_Driver/Src/stm32f4xx_hal_dma_ex.o
LOAD ./Drivers/STM32F4xx_HAL_Driver/Src/stm32f4xx_hal_exti.o
LOAD ./Drivers/STM32F4xx_HAL_Driver/Src/stm32f4xx_hal_flash.o
LOAD ./Drivers/STM32F4xx_HAL_Driver/Src/stm32f4xx_hal_flash_ex.o
LOAD ./Drivers/STM32F4xx_HAL_Driver/Src/stm32f4xx_hal_flash_ramfunc.o
LOAD ./Drivers/STM32F4xx_HAL_Driver/Src/stm32f4xx_hal_gpio.o
LOAD ./Drivers/STM32F4xx_HAL_Driver/Src/stm32f4xx_hal_pwr.o
LOAD ./Drivers/STM32F4xx_HAL_Driver/Src/stm32f4xx_hal_pwr_ex.o
LOAD ./Drivers/STM32F4xx_HAL_Driver/Src/stm32f4xx_hal_rcc.o
LOAD ./Drivers/STM32F4xx_HAL_Driver/Src/stm32f4xx_hal_rcc_ex.o
LOAD ./Drivers/STM32F4xx_HAL_Driver/Src/stm32f4xx_hal_uart.o
LOAD ./Drivers/STM32F4xx_HAL_Driver/Src/stm32f4xx_ll_adc.o
LOAD ./Middlewares/Third_Party/FreeRTOS/Source/CMSIS_RTOS/cmsis_os.o
LOAD ./Middlewares/Third_Party/FreeRTOS/Source/croutine.o
LOAD ./Middlewares/Third_Party/FreeRTOS/Source/event_groups.o
LOAD ./Middlewares/Third_Party/FreeRTOS/Source/list.o
LOAD ./Middlewares/Third_Party/FreeRTOS/Source/queue.o
LOAD ./Middlewares/Third_Party/FreeRTOS/Source/stream_buffer.o
LOAD ./Middlewares/Third_Party/FreeRTOS/Source/tasks.o
LOAD ./Middlewares/Third_Party/FreeRTOS/Source/timers.o
LOAD ./Middlewares/Third_Party/FreeRTOS/Source/portable/GCC/ARM_CM4F/port.o
LOAD ./Middlewares/Third_Party/FreeRTOS/Source/portable/MemMang/heap_4.o
START GROUP
LOAD C:/muiinf-seu/STM32CubeIDE/plugins/com.st.stm32cube.ide.mcu.externaltools.gnu-tools-for-stm32.13.3.rel1.win32_1.0.0.202411081344/tools/bin/../lib/gcc/arm-none-eabi/13.3.1/../../../../arm-none-eabi/lib/thumb/v7e-m+fp/hard\libc_nano.a
LOAD C:/muiinf-seu/STM32CubeIDE/plugins/com.st.stm32cube.ide.mcu.externaltools.gnu-tools-for-stm32.13.3.rel1.win32_1.0.0.202411081344/tools/bin/../lib/gcc/arm-none-eabi/13.3.1/../../../../arm-none-eabi/lib/thumb/v7e-m+fp/hard\libm.a
END GROUP
START GROUP
LOAD C:/muiinf-seu/STM32CubeIDE/plugins/com.st.stm32cube.ide.mcu.externaltools.gnu-tools-for-stm32.13.3.rel1.win32_1.0.0.202411081344/tools/bin/../lib/gcc/arm-none-eabi/13.3.1/thumb/v7e-m+fp/hard\libgcc.a
LOAD C:/muiinf-seu/STM32CubeIDE/plugins/com.st.stm32cube.ide.mcu.externaltools.gnu-tools-for-stm32.13.3.rel1.win32_1.0.0.202411081344/tools/bin/../lib/gcc/arm-none-eabi/13.3.1/../../../../arm-none-eabi/lib/thumb/v7e-m+fp/hard\libc_nano.a
END GROUP
START GROUP
LOAD C:/muiinf-seu/STM32CubeIDE/plugins/com.st.stm32cube.ide.mcu.externaltools.gnu-tools-for-stm32.13.3.rel1.win32_1.0.0.202411081344/tools/bin/../lib/gcc/arm-none-eabi/13.3.1/thumb/v7e-m+fp/hard\libgcc.a
LOAD C:/muiinf-seu/STM32CubeIDE/plugins/com.st.stm32cube.ide.mcu.externaltools.gnu-tools-for-stm32.13.3.rel1.win32_1.0.0.202411081344/tools/bin/../lib/gcc/arm-none-eabi/13.3.1/../../../../arm-none-eabi/lib/thumb/v7e-m+fp/hard\libc_nano.a
LOAD C:/muiinf-seu/STM32CubeIDE/plugins/com.st.stm32cube.ide.mcu.externaltools.gnu-tools-for-stm32.13.3.rel1.win32_1.0.0.202411081344/tools/bin/../lib/gcc/arm-none-eabi/13.3.1/../../../../arm-none-eabi/lib/thumb/v7e-m+fp/hard\libnosys.a
END GROUP
START GROUP
LOAD C:/muiinf-seu/STM32CubeIDE/plugins/com.st.stm32cube.ide.mcu.externaltools.gnu-tools-for-stm32.13.3.rel1.win32_1.0.0.202411081344/tools/bin/../lib/gcc/arm-none-eabi/13.3.1/thumb/v7e-m+fp/hard\libgcc.a
LOAD C:/muiinf-seu/STM32CubeIDE/plugins/com.st.stm32cube.ide.mcu.externaltools.gnu-tools-for-stm32.13.3.rel1.win32_1.0.0.202411081344/tools/bin/../lib/gcc/arm-none-eabi/13.3.1/../../../../arm-none-eabi/lib/thumb/v7e-m+fp/hard\libc_nano.a
LOAD C:/muiinf-seu/STM32CubeIDE/plugins/com.st.stm32cube.ide.mcu.externaltools.gnu-tools-for-stm32.13.3.rel1.win32_1.0.0.202411081344/tools/bin/../lib/gcc/arm-none-eabi/13.3.1/../../../../arm-none-eabi/lib/thumb/v7e-m+fp/hard\libnosys.a
END GROUP
LOAD C:/muiinf-seu/STM32CubeIDE/plugins/com.st.stm32cube.ide.mcu.externaltools.gnu-tools-for-stm32.13.3.rel1.win32_1.0.0.202411081344/tools/bin/../lib/gcc/arm-none-eabi/13.3.1/thumb/v7e-m+fp/hard/crtend.o
LOAD C:/muiinf-seu/STM32CubeIDE/plugins/com.st.stm32cube.ide.mcu.externaltools.gnu-tools-for-stm32.13.3.rel1.win32_1.0.0.202411081344/tools/bin/../lib/gcc/arm-none-eabi/13.3.1/thumb/v7e-m+fp/hard/crtn.o
                0x20020000                        _estack = (ORIGIN (RAM) + LENGTH (RAM))
                0x00000200                        _Min_Heap_Size = 0x200
                0x00000400                        _Min_Stack_Size = 0x400

.isr_vector     0x08000000      0x198
                0x08000000                        . = ALIGN (0x4)
 *(.isr_vector)
 .isr_vector    0x08000000      0x198 ./Core/Startup/startup_stm32f411retx.o
                0x08000000                g_pfnVectors
                0x08000198                        . = ALIGN (0x4)

.text           0x080001a0     0xf000
                0x080001a0                        . = ALIGN (0x4)
 *(.text)
 .text          0x080001a0       0x40 C:/muiinf-seu/STM32CubeIDE/plugins/com.st.stm32cube.ide.mcu.externaltools.gnu-tools-for-stm32.13.3.rel1.win32_1.0.0.202411081344/tools/bin/../lib/gcc/arm-none-eabi/13.3.1/thumb/v7e-m+fp/hard/crtbegin.o
 .text          0x080001e0       0x14 C:/muiinf-seu/STM32CubeIDE/plugins/com.st.stm32cube.ide.mcu.externaltools.gnu-tools-for-stm32.13.3.rel1.win32_1.0.0.202411081344/tools/bin/../lib/gcc/arm-none-eabi/13.3.1/../../../../arm-none-eabi/lib/thumb/v7e-m+fp/hard\libc_nano.a(libc_a-strcmp.o)
                0x080001e0                strcmp
 *fill*         0x080001f4        0xc 
 .text          0x08000200       0xa0 C:/muiinf-seu/STM32CubeIDE/plugins/com.st.stm32cube.ide.mcu.externaltools.gnu-tools-for-stm32.13.3.rel1.win32_1.0.0.202411081344/tools/bin/../lib/gcc/arm-none-eabi/13.3.1/../../../../arm-none-eabi/lib/thumb/v7e-m+fp/hard\libc_nano.a(libc_a-memchr.o)
                0x08000200                memchr
 .text          0x080002a0       0x10 C:/muiinf-seu/STM32CubeIDE/plugins/com.st.stm32cube.ide.mcu.externaltools.gnu-tools-for-stm32.13.3.rel1.win32_1.0.0.202411081344/tools/bin/../lib/gcc/arm-none-eabi/13.3.1/../../../../arm-none-eabi/lib/thumb/v7e-m+fp/hard\libc_nano.a(libc_a-strlen.o)
                0x080002a0                strlen
 .text          0x080002b0      0x378 C:/muiinf-seu/STM32CubeIDE/plugins/com.st.stm32cube.ide.mcu.externaltools.gnu-tools-for-stm32.13.3.rel1.win32_1.0.0.202411081344/tools/bin/../lib/gcc/arm-none-eabi/13.3.1/thumb/v7e-m+fp/hard\libgcc.a(_arm_addsubdf3.o)
                0x080002b0                __aeabi_drsub
                0x080002b8                __aeabi_dsub
                0x080002b8                __subdf3
                0x080002bc                __aeabi_dadd
                0x080002bc                __adddf3
                0x08000534                __floatunsidf
                0x08000534                __aeabi_ui2d
                0x08000554                __floatsidf
                0x08000554                __aeabi_i2d
                0x08000578                __aeabi_f2d
                0x08000578                __extendsfdf2
                0x080005bc                __floatundidf
                0x080005bc                __aeabi_ul2d
                0x080005cc                __floatdidf
                0x080005cc                __aeabi_l2d
 .text          0x08000628      0x424 C:/muiinf-seu/STM32CubeIDE/plugins/com.st.stm32cube.ide.mcu.externaltools.gnu-tools-for-stm32.13.3.rel1.win32_1.0.0.202411081344/tools/bin/../lib/gcc/arm-none-eabi/13.3.1/thumb/v7e-m+fp/hard\libgcc.a(_arm_muldivdf3.o)
                0x08000628                __aeabi_dmul
                0x08000628                __muldf3
                0x0800087c                __divdf3
                0x0800087c                __aeabi_ddiv
 .text          0x08000a4c      0x110 C:/muiinf-seu/STM32CubeIDE/plugins/com.st.stm32cube.ide.mcu.externaltools.gnu-tools-for-stm32.13.3.rel1.win32_1.0.0.202411081344/tools/bin/../lib/gcc/arm-none-eabi/13.3.1/thumb/v7e-m+fp/hard\libgcc.a(_arm_cmpdf2.o)
                0x08000a4c                __gtdf2
                0x08000a4c                __gedf2
                0x08000a54                __ltdf2
                0x08000a54                __ledf2
                0x08000a5c                __nedf2
                0x08000a5c                __eqdf2
                0x08000a5c                __cmpdf2
                0x08000ad8                __aeabi_cdrcmple
                0x08000ae8                __aeabi_cdcmpeq
                0x08000ae8                __aeabi_cdcmple
                0x08000af8                __aeabi_dcmpeq
                0x08000b0c                __aeabi_dcmplt
                0x08000b20                __aeabi_dcmple
                0x08000b34                __aeabi_dcmpge
                0x08000b48                __aeabi_dcmpgt
 .text          0x08000b5c       0x2c C:/muiinf-seu/STM32CubeIDE/plugins/com.st.stm32cube.ide.mcu.externaltools.gnu-tools-for-stm32.13.3.rel1.win32_1.0.0.202411081344/tools/bin/../lib/gcc/arm-none-eabi/13.3.1/thumb/v7e-m+fp/hard\libgcc.a(_arm_unorddf2.o)
                0x08000b5c                __unorddf2
                0x08000b5c                __aeabi_dcmpun
 .text          0x08000b88       0x50 C:/muiinf-seu/STM32CubeIDE/plugins/com.st.stm32cube.ide.mcu.externaltools.gnu-tools-for-stm32.13.3.rel1.win32_1.0.0.202411081344/tools/bin/../lib/gcc/arm-none-eabi/13.3.1/thumb/v7e-m+fp/hard\libgcc.a(_arm_fixdfsi.o)
                0x08000b88                __aeabi_d2iz
                0x08000b88                __fixdfsi
 .text          0x08000bd8       0x40 C:/muiinf-seu/STM32CubeIDE/plugins/com.st.stm32cube.ide.mcu.externaltools.gnu-tools-for-stm32.13.3.rel1.win32_1.0.0.202411081344/tools/bin/../lib/gcc/arm-none-eabi/13.3.1/thumb/v7e-m+fp/hard\libgcc.a(_arm_fixunsdfsi.o)
                0x08000bd8                __aeabi_d2uiz
                0x08000bd8                __fixunsdfsi
 .text          0x08000c18       0xa0 C:/muiinf-seu/STM32CubeIDE/plugins/com.st.stm32cube.ide.mcu.externaltools.gnu-tools-for-stm32.13.3.rel1.win32_1.0.0.202411081344/tools/bin/../lib/gcc/arm-none-eabi/13.3.1/thumb/v7e-m+fp/hard\libgcc.a(_aeabi_ldivmod.o)
                0x08000c18                __aeabi_ldivmod
 .text          0x08000cb8       0x30 C:/muiinf-seu/STM32CubeIDE/plugins/com.st.stm32cube.ide.mcu.externaltools.gnu-tools-for-stm32.13.3.rel1.win32_1.0.0.202411081344/tools/bin/../lib/gcc/arm-none-eabi/13.3.1/thumb/v7e-m+fp/hard\libgcc.a(_aeabi_uldivmod.o)
                0x08000cb8                __aeabi_uldivmod
 .text          0x08000ce8       0x30 C:/muiinf-seu/STM32CubeIDE/plugins/com.st.stm32cube.ide.mcu.externaltools.gnu-tools-for-stm32.13.3.rel1.win32_1.0.0.202411081344/tools/bin/../lib/gcc/arm-none-eabi/13.3.1/thumb/v7e-m+fp/hard\libgcc.a(_fixdfdi.o)
                0x08000ce8                __fixdfdi
                0x08000ce8                __aeabi_d2lz
 .text          0x08000d18       0x3c C:/muiinf-seu/STM32CubeIDE/plugins/com.st.stm32cube.ide.mcu.externaltools.gnu-tools-for-stm32.13.3.rel1.win32_1.0.0.202411081344/tools/bin/../lib/gcc/arm-none-eabi/13.3.1/thumb/v7e-m+fp/hard\libgcc.a(_fixunsdfdi.o)
                0x08000d18                __fixunsdfdi
                0x08000d18                __aeabi_d2ulz
 .text          0x08000d54      0x2f8 C:/muiinf-seu/STM32CubeIDE/plugins/com.st.stm32cube.ide.mcu.externaltools.gnu-tools-for-stm32.13.3.rel1.win32_1.0.0.202411081344/tools/bin/../lib/gcc/arm-none-eabi/13.3.1/thumb/v7e-m+fp/hard\libgcc.a(_udivmoddi4.o)
                0x08000d54                __udivmoddi4
 .text          0x0800104c        0x4 C:/muiinf-seu/STM32CubeIDE/plugins/com.st.stm32cube.ide.mcu.externaltools.gnu-tools-for-stm32.13.3.rel1.win32_1.0.0.202411081344/tools/bin/../lib/gcc/arm-none-eabi/13.3.1/thumb/v7e-m+fp/hard\libgcc.a(_dvmd_tls.o)
                0x0800104c                __aeabi_idiv0
                0x0800104c                __aeabi_ldiv0
 *(.text*)
 .text.case_insensitive_strcmp
                0x08001050       0xd8 ./Core/Src/cJSON.o
 .text.cJSON_New_Item
                0x08001128       0x2c ./Core/Src/cJSON.o
 .text.cJSON_Delete
                0x08001154       0x94 ./Core/Src/cJSON.o
                0x08001154                cJSON_Delete
 .text.get_decimal_point
                0x080011e8       0x10 ./Core/Src/cJSON.o
 .text.parse_number
                0x080011f8      0x198 ./Core/Src/cJSON.o
 .text.parse_hex4
                0x08001390       0xc4 ./Core/Src/cJSON.o
 .text.utf16_literal_to_utf8
                0x08001454      0x1d0 ./Core/Src/cJSON.o
 .text.parse_string
                0x08001624      0x28c ./Core/Src/cJSON.o
 .text.buffer_skip_whitespace
                0x080018b0       0x80 ./Core/Src/cJSON.o
 .text.skip_utf8_bom
                0x08001930       0x68 ./Core/Src/cJSON.o
 .text.cJSON_ParseWithOpts
                0x08001998       0x38 ./Core/Src/cJSON.o
                0x08001998                cJSON_ParseWithOpts
 .text.cJSON_ParseWithLengthOpts
                0x080019d0      0x134 ./Core/Src/cJSON.o
                0x080019d0                cJSON_ParseWithLengthOpts
 .text.cJSON_Parse
                0x08001b04       0x1c ./Core/Src/cJSON.o
                0x08001b04                cJSON_Parse
 .text.parse_value
                0x08001b20      0x1d8 ./Core/Src/cJSON.o
 .text.parse_array
                0x08001cf8      0x188 ./Core/Src/cJSON.o
 .text.parse_object
                0x08001e80      0x1fe ./Core/Src/cJSON.o
 .text.get_object_item
                0x0800207e       0x90 ./Core/Src/cJSON.o
 .text.cJSON_GetObjectItem
                0x0800210e       0x1e ./Core/Src/cJSON.o
                0x0800210e                cJSON_GetObjectItem
 .text.vApplicationGetIdleTaskMemory
                0x0800212c       0x34 ./Core/Src/freertos.o
                0x0800212c                vApplicationGetIdleTaskMemory
 .text._write   0x08002160       0x2c ./Core/Src/main.o
                0x08002160                _write
 .text.POT_read
                0x0800218c       0x54 ./Core/Src/main.o
                0x0800218c                POT_read
 .text.LDR_read
                0x080021e0       0x8c ./Core/Src/main.o
                0x080021e0                LDR_read
 .text.NTC_read_x10
                0x0800226c      0x128 ./Core/Src/main.o
                0x0800226c                NTC_read_x10
 .text.LED_setAll
                0x08002394       0xc4 ./Core/Src/main.o
                0x08002394                LED_setAll
 .text.main     0x08002458      0x43c ./Core/Src/main.o
                0x08002458                main
 .text.SystemClock_Config
                0x08002894       0xd4 ./Core/Src/main.o
                0x08002894                SystemClock_Config
 .text.MX_ADC1_Init
                0x08002968       0xa4 ./Core/Src/main.o
 .text.MX_USART1_UART_Init
                0x08002a0c       0x54 ./Core/Src/main.o
 .text.MX_USART2_UART_Init
                0x08002a60       0x54 ./Core/Src/main.o
 .text.MX_DMA_Init
                0x08002ab4       0x50 ./Core/Src/main.o
 .text.MX_GPIO_Init
                0x08002b04      0x1a0 ./Core/Src/main.o
 .text.StartDefaultTask
                0x08002ca4       0x10 ./Core/Src/main.o
                0x08002ca4                StartDefaultTask
 .text.Error_Handler
                0x08002cb4        0xc ./Core/Src/main.o
                0x08002cb4                Error_Handler
 .text.HAL_MspInit
                0x08002cc0       0x58 ./Core/Src/stm32f4xx_hal_msp.o
                0x08002cc0                HAL_MspInit
 .text.HAL_ADC_MspInit
                0x08002d18       0x88 ./Core/Src/stm32f4xx_hal_msp.o
                0x08002d18                HAL_ADC_MspInit
 .text.HAL_UART_MspInit
                0x08002da0      0x1c4 ./Core/Src/stm32f4xx_hal_msp.o
                0x08002da0                HAL_UART_MspInit
 .text.NMI_Handler
                0x08002f64        0x8 ./Core/Src/stm32f4xx_it.o
                0x08002f64                NMI_Handler
 .text.HardFault_Handler
                0x08002f6c        0x8 ./Core/Src/stm32f4xx_it.o
                0x08002f6c                HardFault_Handler
 .text.MemManage_Handler
                0x08002f74        0x8 ./Core/Src/stm32f4xx_it.o
                0x08002f74                MemManage_Handler
 .text.BusFault_Handler
                0x08002f7c        0x8 ./Core/Src/stm32f4xx_it.o
                0x08002f7c                BusFault_Handler
 .text.UsageFault_Handler
                0x08002f84        0x8 ./Core/Src/stm32f4xx_it.o
                0x08002f84                UsageFault_Handler
 .text.DebugMon_Handler
                0x08002f8c        0xe ./Core/Src/stm32f4xx_it.o
                0x08002f8c                DebugMon_Handler
 .text.SysTick_Handler
                0x08002f9a       0x1a ./Core/Src/stm32f4xx_it.o
                0x08002f9a                SysTick_Handler
 .text.DMA2_Stream2_IRQHandler
                0x08002fb4       0x14 ./Core/Src/stm32f4xx_it.o
                0x08002fb4                DMA2_Stream2_IRQHandler
 .text.DMA2_Stream7_IRQHandler
                0x08002fc8       0x14 ./Core/Src/stm32f4xx_it.o
                0x08002fc8                DMA2_Stream7_IRQHandler
 .text._getpid  0x08002fdc       0x10 ./Core/Src/syscalls.o
                0x08002fdc                _getpid
 .text._kill    0x08002fec       0x20 ./Core/Src/syscalls.o
                0x08002fec                _kill
 .text._exit    0x0800300c       0x16 ./Core/Src/syscalls.o
                0x0800300c                _exit
 .text._read    0x08003022       0x3a ./Core/Src/syscalls.o
                0x08003022                _read
 .text._close   0x0800305c       0x18 ./Core/Src/syscalls.o
                0x0800305c                _close
 .text._fstat   0x08003074       0x20 ./Core/Src/syscalls.o
                0x08003074                _fstat
 .text._isatty  0x08003094       0x16 ./Core/Src/syscalls.o
                0x08003094                _isatty
 .text._lseek   0x080030aa       0x1a ./Core/Src/syscalls.o
                0x080030aa                _lseek
 .text._sbrk    0x080030c4       0x6c ./Core/Src/sysmem.o
                0x080030c4                _sbrk
 .text.SystemInit
                0x08003130       0x24 ./Core/Src/system_stm32f4xx.o
                0x08003130                SystemInit
 .text.CONFIGURACION_INICIAL
                0x08003154       0x70 ./Core/Src/tareas.o
                0x08003154                CONFIGURACION_INICIAL
 .text.Task_COMM_init
                0x080031c4       0xb0 ./Core/Src/task_COMM.o
                0x080031c4                Task_COMM_init
 .text.Task_COMM
                0x08003274       0xc8 ./Core/Src/task_COMM.o
                0x08003274                Task_COMM
 .text.cleanResponse
                0x0800333c       0xe0 ./Core/Src/task_COMM.o
                0x0800333c                cleanResponse
 .text.WIFI_RESET
                0x0800341c       0x84 ./Core/Src/task_COMM.o
                0x0800341c                WIFI_RESET
 .text.WIFI_Boot
                0x080034a0      0x144 ./Core/Src/task_COMM.o
                0x080034a0                WIFI_Boot
 .text.ESP_TimeOut_tworesponses
                0x080035e4       0x84 ./Core/Src/task_COMM.o
                0x080035e4                ESP_TimeOut_tworesponses
 .text.ESP_TimeOut
                0x08003668       0x78 ./Core/Src/task_COMM.o
                0x08003668                ESP_TimeOut
 .text.ESP_Send_Request
                0x080036e0      0x248 ./Core/Src/task_COMM.o
                0x080036e0                ESP_Send_Request
 .text.Task_CONSOLE
                0x08003928       0x54 ./Core/Src/task_CONSOLE.o
                0x08003928                Task_CONSOLE
 .text.bprintf  0x0800397c       0x48 ./Core/Src/task_CONSOLE.o
                0x0800397c                bprintf
 .text.Task_EJER3_init
                0x080039c4       0x54 ./Core/Src/task_EJER3.o
                0x080039c4                Task_EJER3_init
 .text.Task_EJER3
                0x08003a18       0x88 ./Core/Src/task_EJER3.o
                0x08003a18                Task_EJER3
 .text.Task_TIME_init
                0x08003aa0       0x5c ./Core/Src/task_TIME.o
                0x08003aa0                Task_TIME_init
 .text.Task_TIME
                0x08003afc      0x1c8 ./Core/Src/task_TIME.o
                0x08003afc                Task_TIME
 .text.task_TIME_timeAvailable
                0x08003cc4       0x18 ./Core/Src/task_TIME.o
                0x08003cc4                task_TIME_timeAvailable
 .text.task_TIME_getTime
                0x08003cdc       0x5c ./Core/Src/task_TIME.o
                0x08003cdc                task_TIME_getTime
 .text.BUFF_is_empty
                0x08003d38       0x22 ./Core/Src/utility_buff.o
                0x08003d38                BUFF_is_empty
 .text.BUFF_is_full
                0x08003d5a       0x26 ./Core/Src/utility_buff.o
                0x08003d5a                BUFF_is_full
 .text.BUFF_inserta
                0x08003d80       0x58 ./Core/Src/utility_buff.o
                0x08003d80                BUFF_inserta
 .text.BUFF_extrae
                0x08003dd8       0x58 ./Core/Src/utility_buff.o
                0x08003dd8                BUFF_extrae
 .text.BUFF_extrae_prot
                0x08003e30       0x7c ./Core/Src/utility_buff.o
                0x08003e30                BUFF_extrae_prot
 .text.BUFF_inserta_prot
                0x08003eac       0x8c ./Core/Src/utility_buff.o
                0x08003eac                BUFF_inserta_prot
 .text.BUFF_insert_prot_priority
                0x08003f38       0x80 ./Core/Src/utility_buff.o
                0x08003f38                BUFF_insert_prot_priority
 .text.BUFF_inserta_cad
                0x08003fb8       0x46 ./Core/Src/utility_buff.o
                0x08003fb8                BUFF_inserta_cad
 .text.BUFF_lock
                0x08003ffe       0x2c ./Core/Src/utility_buff.o
                0x08003ffe                BUFF_lock
 .text.BUFF_unlock
                0x0800402a       0x1a ./Core/Src/utility_buff.o
                0x0800402a                BUFF_unlock
 .text.BUFF_inserta_cad_priority
                0x08004044       0x46 ./Core/Src/utility_buff.o
                0x08004044                BUFF_inserta_cad_priority
 *fill*         0x0800408a        0x2 
 .text.bufferCreat
                0x0800408c       0xd8 ./Core/Src/utility_buff.o
                0x0800408c                bufferCreat
 .text.Reset_Handler
                0x08004164       0x50 ./Core/Startup/startup_stm32f411retx.o
                0x08004164                Reset_Handler
 .text.Default_Handler
                0x080041b4        0x2 ./Core/Startup/startup_stm32f411retx.o
                0x080041b4                RTC_Alarm_IRQHandler
                0x080041b4                EXTI2_IRQHandler
                0x080041b4                SPI4_IRQHandler
                0x080041b4                TIM1_CC_IRQHandler
                0x080041b4                DMA2_Stream5_IRQHandler
                0x080041b4                DMA1_Stream5_IRQHandler
                0x080041b4                PVD_IRQHandler
                0x080041b4                SDIO_IRQHandler
                0x080041b4                TAMP_STAMP_IRQHandler
                0x080041b4                EXTI3_IRQHandler
                0x080041b4                TIM1_UP_TIM10_IRQHandler
                0x080041b4                I2C3_ER_IRQHandler
                0x080041b4                EXTI0_IRQHandler
                0x080041b4                I2C2_EV_IRQHandler
                0x080041b4                DMA1_Stream2_IRQHandler
                0x080041b4                FPU_IRQHandler
                0x080041b4                SPI1_IRQHandler
                0x080041b4                TIM1_BRK_TIM9_IRQHandler
                0x080041b4                DMA2_Stream3_IRQHandler
                0x080041b4                USART6_IRQHandler
                0x080041b4                DMA2_Stream0_IRQHandler
                0x080041b4                TIM4_IRQHandler
                0x080041b4                I2C1_EV_IRQHandler
                0x080041b4                DMA1_Stream6_IRQHandler
                0x080041b4                DMA1_Stream1_IRQHandler
                0x080041b4                TIM3_IRQHandler
                0x080041b4                RCC_IRQHandler
                0x080041b4                Default_Handler
                0x080041b4                EXTI15_10_IRQHandler
                0x080041b4                ADC_IRQHandler
                0x080041b4                DMA1_Stream7_IRQHandler
                0x080041b4                SPI5_IRQHandler
                0x080041b4                TIM5_IRQHandler
                0x080041b4                I2C3_EV_IRQHandler
                0x080041b4                EXTI9_5_IRQHandler
                0x080041b4                RTC_WKUP_IRQHandler
                0x080041b4                SPI2_IRQHandler
                0x080041b4                DMA1_Stream0_IRQHandler
                0x080041b4                EXTI4_IRQHandler
                0x080041b4                WWDG_IRQHandler
                0x080041b4                TIM2_IRQHandler
                0x080041b4                OTG_FS_WKUP_IRQHandler
                0x080041b4                TIM1_TRG_COM_TIM11_IRQHandler
                0x080041b4                EXTI1_IRQHandler
                0x080041b4                USART2_IRQHandler
                0x080041b4                I2C2_ER_IRQHandler
                0x080041b4                DMA2_Stream1_IRQHandler
                0x080041b4                FLASH_IRQHandler
                0x080041b4                DMA2_Stream4_IRQHandler
                0x080041b4                USART1_IRQHandler
                0x080041b4                OTG_FS_IRQHandler
                0x080041b4                SPI3_IRQHandler
                0x080041b4                DMA1_Stream4_IRQHandler
                0x080041b4                I2C1_ER_IRQHandler
                0x080041b4                DMA2_Stream6_IRQHandler
                0x080041b4                DMA1_Stream3_IRQHandler
 *fill*         0x080041b6        0x2 
 .text.HAL_Init
                0x080041b8       0x44 ./Drivers/STM32F4xx_HAL_Driver/Src/stm32f4xx_hal.o
                0x080041b8                HAL_Init
 .text.HAL_InitTick
                0x080041fc       0x60 ./Drivers/STM32F4xx_HAL_Driver/Src/stm32f4xx_hal.o
                0x080041fc                HAL_InitTick
 .text.HAL_IncTick
                0x0800425c       0x28 ./Drivers/STM32F4xx_HAL_Driver/Src/stm32f4xx_hal.o
                0x0800425c                HAL_IncTick
 .text.HAL_GetTick
                0x08004284       0x18 ./Drivers/STM32F4xx_HAL_Driver/Src/stm32f4xx_hal.o
                0x08004284                HAL_GetTick
 .text.HAL_Delay
                0x0800429c       0x48 ./Drivers/STM32F4xx_HAL_Driver/Src/stm32f4xx_hal.o
                0x0800429c                HAL_Delay
 .text.HAL_ADC_Init
                0x080042e4       0x86 ./Drivers/STM32F4xx_HAL_Driver/Src/stm32f4xx_hal_adc.o
                0x080042e4                HAL_ADC_Init
 *fill*         0x0800436a        0x2 
 .text.HAL_ADC_Start
                0x0800436c      0x168 ./Drivers/STM32F4xx_HAL_Driver/Src/stm32f4xx_hal_adc.o
                0x0800436c                HAL_ADC_Start
 .text.HAL_ADC_Stop
                0x080044d4       0x66 ./Drivers/STM32F4xx_HAL_Driver/Src/stm32f4xx_hal_adc.o
                0x080044d4                HAL_ADC_Stop
 .text.HAL_ADC_PollForConversion
                0x0800453a      0x116 ./Drivers/STM32F4xx_HAL_Driver/Src/stm32f4xx_hal_adc.o
                0x0800453a                HAL_ADC_PollForConversion
 .text.HAL_ADC_GetValue
                0x08004650       0x1a ./Drivers/STM32F4xx_HAL_Driver/Src/stm32f4xx_hal_adc.o
                0x08004650                HAL_ADC_GetValue
 *fill*         0x0800466a        0x2 
 .text.HAL_ADC_ConfigChannel
                0x0800466c      0x264 ./Drivers/STM32F4xx_HAL_Driver/Src/stm32f4xx_hal_adc.o
                0x0800466c                HAL_ADC_ConfigChannel
 .text.ADC_Init
                0x080048d0      0x1f8 ./Drivers/STM32F4xx_HAL_Driver/Src/stm32f4xx_hal_adc.o
 .text.__NVIC_SetPriorityGrouping
                0x08004ac8       0x48 ./Drivers/STM32F4xx_HAL_Driver/Src/stm32f4xx_hal_cortex.o
 .text.__NVIC_GetPriorityGrouping
                0x08004b10       0x1c ./Drivers/STM32F4xx_HAL_Driver/Src/stm32f4xx_hal_cortex.o
 .text.__NVIC_EnableIRQ
                0x08004b2c       0x3c ./Drivers/STM32F4xx_HAL_Driver/Src/stm32f4xx_hal_cortex.o
 .text.__NVIC_SetPriority
                0x08004b68       0x54 ./Drivers/STM32F4xx_HAL_Driver/Src/stm32f4xx_hal_cortex.o
 .text.NVIC_EncodePriority
                0x08004bbc       0x66 ./Drivers/STM32F4xx_HAL_Driver/Src/stm32f4xx_hal_cortex.o
 *fill*         0x08004c22        0x2 
 .text.__NVIC_SystemReset
                0x08004c24       0x2c ./Drivers/STM32F4xx_HAL_Driver/Src/stm32f4xx_hal_cortex.o
 .text.SysTick_Config
                0x08004c50       0x44 ./Drivers/STM32F4xx_HAL_Driver/Src/stm32f4xx_hal_cortex.o
 .text.HAL_NVIC_SetPriorityGrouping
                0x08004c94       0x16 ./Drivers/STM32F4xx_HAL_Driver/Src/stm32f4xx_hal_cortex.o
                0x08004c94                HAL_NVIC_SetPriorityGrouping
 .text.HAL_NVIC_SetPriority
                0x08004caa       0x38 ./Drivers/STM32F4xx_HAL_Driver/Src/stm32f4xx_hal_cortex.o
                0x08004caa                HAL_NVIC_SetPriority
 .text.HAL_NVIC_EnableIRQ
                0x08004ce2       0x1c ./Drivers/STM32F4xx_HAL_Driver/Src/stm32f4xx_hal_cortex.o
                0x08004ce2                HAL_NVIC_EnableIRQ
 .text.HAL_NVIC_SystemReset
                0x08004cfe        0x8 ./Drivers/STM32F4xx_HAL_Driver/Src/stm32f4xx_hal_cortex.o
                0x08004cfe                HAL_NVIC_SystemReset
 .text.HAL_SYSTICK_Config
                0x08004d06       0x18 ./Drivers/STM32F4xx_HAL_Driver/Src/stm32f4xx_hal_cortex.o
                0x08004d06                HAL_SYSTICK_Config
 *fill*         0x08004d1e        0x2 
 .text.HAL_DMA_Init
                0x08004d20      0x15c ./Drivers/STM32F4xx_HAL_Driver/Src/stm32f4xx_hal_dma.o
                0x08004d20                HAL_DMA_Init
 .text.HAL_DMA_Start_IT
                0x08004e7c       0xb0 ./Drivers/STM32F4xx_HAL_Driver/Src/stm32f4xx_hal_dma.o
                0x08004e7c                HAL_DMA_Start_IT
 .text.HAL_DMA_Abort
                0x08004f2c       0xe0 ./Drivers/STM32F4xx_HAL_Driver/Src/stm32f4xx_hal_dma.o
                0x08004f2c                HAL_DMA_Abort
 .text.HAL_DMA_IRQHandler
                0x0800500c      0x314 ./Drivers/STM32F4xx_HAL_Driver/Src/stm32f4xx_hal_dma.o
                0x0800500c                HAL_DMA_IRQHandler
 .text.DMA_SetConfig
                0x08005320       0x5c ./Drivers/STM32F4xx_HAL_Driver/Src/stm32f4xx_hal_dma.o
 .text.DMA_CalcBaseAndBitshift
                0x0800537c       0x6c ./Drivers/STM32F4xx_HAL_Driver/Src/stm32f4xx_hal_dma.o
 .text.DMA_CheckFifoParam
                0x080053e8       0xf8 ./Drivers/STM32F4xx_HAL_Driver/Src/stm32f4xx_hal_dma.o
 .text.HAL_GPIO_Init
                0x080054e0      0x308 ./Drivers/STM32F4xx_HAL_Driver/Src/stm32f4xx_hal_gpio.o
                0x080054e0                HAL_GPIO_Init
 .text.HAL_GPIO_ReadPin
                0x080057e8       0x30 ./Drivers/STM32F4xx_HAL_Driver/Src/stm32f4xx_hal_gpio.o
                0x080057e8                HAL_GPIO_ReadPin
 .text.HAL_GPIO_WritePin
                0x08005818       0x32 ./Drivers/STM32F4xx_HAL_Driver/Src/stm32f4xx_hal_gpio.o
                0x08005818                HAL_GPIO_WritePin
 *fill*         0x0800584a        0x2 
 .text.HAL_RCC_OscConfig
                0x0800584c      0x4f0 ./Drivers/STM32F4xx_HAL_Driver/Src/stm32f4xx_hal_rcc.o
                0x0800584c                HAL_RCC_OscConfig
 .text.HAL_RCC_ClockConfig
                0x08005d3c      0x1cc ./Drivers/STM32F4xx_HAL_Driver/Src/stm32f4xx_hal_rcc.o
                0x08005d3c                HAL_RCC_ClockConfig
 .text.HAL_RCC_GetSysClockFreq
                0x08005f08      0x20c ./Drivers/STM32F4xx_HAL_Driver/Src/stm32f4xx_hal_rcc.o
                0x08005f08                HAL_RCC_GetSysClockFreq
 .text.HAL_RCC_GetHCLKFreq
                0x08006114       0x18 ./Drivers/STM32F4xx_HAL_Driver/Src/stm32f4xx_hal_rcc.o
                0x08006114                HAL_RCC_GetHCLKFreq
 .text.HAL_RCC_GetPCLK1Freq
                0x0800612c       0x28 ./Drivers/STM32F4xx_HAL_Driver/Src/stm32f4xx_hal_rcc.o
                0x0800612c                HAL_RCC_GetPCLK1Freq
 .text.HAL_RCC_GetPCLK2Freq
                0x08006154       0x28 ./Drivers/STM32F4xx_HAL_Driver/Src/stm32f4xx_hal_rcc.o
                0x08006154                HAL_RCC_GetPCLK2Freq
 .text.HAL_UART_Init
                0x0800617c       0xa0 ./Drivers/STM32F4xx_HAL_Driver/Src/stm32f4xx_hal_uart.o
                0x0800617c                HAL_UART_Init
 .text.HAL_UART_Transmit
                0x0800621c      0x116 ./Drivers/STM32F4xx_HAL_Driver/Src/stm32f4xx_hal_uart.o
                0x0800621c                HAL_UART_Transmit
 .text.HAL_UART_Receive_DMA
                0x08006332       0x4a ./Drivers/STM32F4xx_HAL_Driver/Src/stm32f4xx_hal_uart.o
                0x08006332                HAL_UART_Receive_DMA
 .text.HAL_UART_DMAStop
                0x0800637c       0xfe ./Drivers/STM32F4xx_HAL_Driver/Src/stm32f4xx_hal_uart.o
                0x0800637c                HAL_UART_DMAStop
 .text.HAL_UART_RxCpltCallback
                0x0800647a       0x14 ./Drivers/STM32F4xx_HAL_Driver/Src/stm32f4xx_hal_uart.o
                0x0800647a                HAL_UART_RxCpltCallback
 .text.HAL_UART_RxHalfCpltCallback
                0x0800648e       0x14 ./Drivers/STM32F4xx_HAL_Driver/Src/stm32f4xx_hal_uart.o
                0x0800648e                HAL_UART_RxHalfCpltCallback
 .text.HAL_UART_ErrorCallback
                0x080064a2       0x14 ./Drivers/STM32F4xx_HAL_Driver/Src/stm32f4xx_hal_uart.o
                0x080064a2                HAL_UART_ErrorCallback
 .text.HAL_UARTEx_RxEventCallback
                0x080064b6       0x18 ./Drivers/STM32F4xx_HAL_Driver/Src/stm32f4xx_hal_uart.o
                0x080064b6                HAL_UARTEx_RxEventCallback
 .text.UART_DMAReceiveCplt
                0x080064ce      0x12c ./Drivers/STM32F4xx_HAL_Driver/Src/stm32f4xx_hal_uart.o
 .text.UART_DMARxHalfCplt
                0x080065fa       0x3c ./Drivers/STM32F4xx_HAL_Driver/Src/stm32f4xx_hal_uart.o
 .text.UART_DMAError
                0x08006636       0x94 ./Drivers/STM32F4xx_HAL_Driver/Src/stm32f4xx_hal_uart.o
 .text.UART_WaitOnFlagUntilTimeout
                0x080066ca       0xb2 ./Drivers/STM32F4xx_HAL_Driver/Src/stm32f4xx_hal_uart.o
 .text.UART_Start_Receive_DMA
                0x0800677c      0x14c ./Drivers/STM32F4xx_HAL_Driver/Src/stm32f4xx_hal_uart.o
                0x0800677c                UART_Start_Receive_DMA
 .text.UART_EndTxTransfer
                0x080068c8       0x50 ./Drivers/STM32F4xx_HAL_Driver/Src/stm32f4xx_hal_uart.o
 .text.UART_EndRxTransfer
                0x08006918       0xc6 ./Drivers/STM32F4xx_HAL_Driver/Src/stm32f4xx_hal_uart.o
 *fill*         0x080069de        0x2 
 .text.UART_SetConfig
                0x080069e0      0x4e8 ./Drivers/STM32F4xx_HAL_Driver/Src/stm32f4xx_hal_uart.o
 .text.makeFreeRtosPriority
                0x08006ec8       0x30 ./Middlewares/Third_Party/FreeRTOS/Source/CMSIS_RTOS/cmsis_os.o
 .text.osKernelStart
                0x08006ef8        0xe ./Middlewares/Third_Party/FreeRTOS/Source/CMSIS_RTOS/cmsis_os.o
                0x08006ef8                osKernelStart
 .text.osThreadCreate
                0x08006f06       0x98 ./Middlewares/Third_Party/FreeRTOS/Source/CMSIS_RTOS/cmsis_os.o
                0x08006f06                osThreadCreate
 .text.osDelay  0x08006f9e       0x28 ./Middlewares/Third_Party/FreeRTOS/Source/CMSIS_RTOS/cmsis_os.o
                0x08006f9e                osDelay
 .text.vListInitialise
                0x08006fc6       0x40 ./Middlewares/Third_Party/FreeRTOS/Source/list.o
                0x08006fc6                vListInitialise
 .text.vListInitialiseItem
                0x08007006       0x1a ./Middlewares/Third_Party/FreeRTOS/Source/list.o
                0x08007006                vListInitialiseItem
 .text.vListInsertEnd
                0x08007020       0x48 ./Middlewares/Third_Party/FreeRTOS/Source/list.o
                0x08007020                vListInsertEnd
 .text.vListInsert
                0x08007068       0x72 ./Middlewares/Third_Party/FreeRTOS/Source/list.o
                0x08007068                vListInsert
 .text.uxListRemove
                0x080070da       0x54 ./Middlewares/Third_Party/FreeRTOS/Source/list.o
                0x080070da                uxListRemove
 *fill*         0x0800712e        0x2 
 .text.xQueueGenericReset
                0x08007130       0xd4 ./Middlewares/Third_Party/FreeRTOS/Source/queue.o
                0x08007130                xQueueGenericReset
 .text.xQueueGenericCreate
                0x08007204       0x76 ./Middlewares/Third_Party/FreeRTOS/Source/queue.o
                0x08007204                xQueueGenericCreate
 .text.prvInitialiseNewQueue
                0x0800727a       0x3e ./Middlewares/Third_Party/FreeRTOS/Source/queue.o
 .text.prvInitialiseMutex
                0x080072b8       0x34 ./Middlewares/Third_Party/FreeRTOS/Source/queue.o
 .text.xQueueCreateMutex
                0x080072ec       0x30 ./Middlewares/Third_Party/FreeRTOS/Source/queue.o
                0x080072ec                xQueueCreateMutex
 .text.xQueueGenericSend
                0x0800731c      0x204 ./Middlewares/Third_Party/FreeRTOS/Source/queue.o
                0x0800731c                xQueueGenericSend
 .text.xQueueSemaphoreTake
                0x08007520      0x220 ./Middlewares/Third_Party/FreeRTOS/Source/queue.o
                0x08007520                xQueueSemaphoreTake
 .text.prvGetDisinheritPriorityAfterTimeout
                0x08007740       0x30 ./Middlewares/Third_Party/FreeRTOS/Source/queue.o
 .text.prvCopyDataToQueue
                0x08007770       0xd4 ./Middlewares/Third_Party/FreeRTOS/Source/queue.o
 .text.prvUnlockQueue
                0x08007844       0xa4 ./Middlewares/Third_Party/FreeRTOS/Source/queue.o
 .text.prvIsQueueEmpty
                0x080078e8       0x2c ./Middlewares/Third_Party/FreeRTOS/Source/queue.o
 .text.prvIsQueueFull
                0x08007914       0x30 ./Middlewares/Third_Party/FreeRTOS/Source/queue.o
 .text.xTaskCreateStatic
                0x08007944       0xc0 ./Middlewares/Third_Party/FreeRTOS/Source/tasks.o
                0x08007944                xTaskCreateStatic
 .text.xTaskCreate
                0x08007a04       0x8a ./Middlewares/Third_Party/FreeRTOS/Source/tasks.o
                0x08007a04                xTaskCreate
 .text.prvInitialiseNewTask
                0x08007a8e      0x110 ./Middlewares/Third_Party/FreeRTOS/Source/tasks.o
 *fill*         0x08007b9e        0x2 
 .text.prvAddNewTaskToReadyList
                0x08007ba0       0xd4 ./Middlewares/Third_Party/FreeRTOS/Source/tasks.o
 .text.vTaskDelay
                0x08007c74       0x6c ./Middlewares/Third_Party/FreeRTOS/Source/tasks.o
                0x08007c74                vTaskDelay
 .text.vTaskStartScheduler
                0x08007ce0       0xc4 ./Middlewares/Third_Party/FreeRTOS/Source/tasks.o
                0x08007ce0                vTaskStartScheduler
 .text.vTaskSuspendAll
                0x08007da4       0x1c ./Middlewares/Third_Party/FreeRTOS/Source/tasks.o
                0x08007da4                vTaskSuspendAll
 .text.xTaskResumeAll
                0x08007dc0      0x13c ./Middlewares/Third_Party/FreeRTOS/Source/tasks.o
                0x08007dc0                xTaskResumeAll
 .text.xTaskGetTickCount
                0x08007efc       0x20 ./Middlewares/Third_Party/FreeRTOS/Source/tasks.o
                0x08007efc                xTaskGetTickCount
 .text.xTaskIncrementTick
                0x08007f1c      0x174 ./Middlewares/Third_Party/FreeRTOS/Source/tasks.o
                0x08007f1c                xTaskIncrementTick
 .text.vTaskSwitchContext
                0x08008090       0xb8 ./Middlewares/Third_Party/FreeRTOS/Source/tasks.o
                0x08008090                vTaskSwitchContext
 .text.vTaskPlaceOnEventList
                0x08008148       0x4c ./Middlewares/Third_Party/FreeRTOS/Source/tasks.o
                0x08008148                vTaskPlaceOnEventList
 .text.xTaskRemoveFromEventList
                0x08008194       0xc8 ./Middlewares/Third_Party/FreeRTOS/Source/tasks.o
                0x08008194                xTaskRemoveFromEventList
 .text.vTaskInternalSetTimeOutState
                0x0800825c       0x2c ./Middlewares/Third_Party/FreeRTOS/Source/tasks.o
                0x0800825c                vTaskInternalSetTimeOutState
 .text.xTaskCheckForTimeOut
                0x08008288       0xc8 ./Middlewares/Third_Party/FreeRTOS/Source/tasks.o
                0x08008288                xTaskCheckForTimeOut
 .text.vTaskMissedYield
                0x08008350       0x18 ./Middlewares/Third_Party/FreeRTOS/Source/tasks.o
                0x08008350                vTaskMissedYield
 .text.prvIdleTask
                0x08008368       0x30 ./Middlewares/Third_Party/FreeRTOS/Source/tasks.o
 .text.prvInitialiseTaskLists
                0x08008398       0x80 ./Middlewares/Third_Party/FreeRTOS/Source/tasks.o
 .text.prvCheckTasksWaitingTermination
                0x08008418       0x5c ./Middlewares/Third_Party/FreeRTOS/Source/tasks.o
 .text.prvDeleteTCB
                0x08008474       0x60 ./Middlewares/Third_Party/FreeRTOS/Source/tasks.o
 .text.prvResetNextTaskUnblockTime
                0x080084d4       0x40 ./Middlewares/Third_Party/FreeRTOS/Source/tasks.o
 .text.xTaskGetSchedulerState
                0x08008514       0x3c ./Middlewares/Third_Party/FreeRTOS/Source/tasks.o
                0x08008514                xTaskGetSchedulerState
 .text.xTaskPriorityInherit
                0x08008550       0xec ./Middlewares/Third_Party/FreeRTOS/Source/tasks.o
                0x08008550                xTaskPriorityInherit
 .text.xTaskPriorityDisinherit
                0x0800863c      0x110 ./Middlewares/Third_Party/FreeRTOS/Source/tasks.o
                0x0800863c                xTaskPriorityDisinherit
 .text.vTaskPriorityDisinheritAfterTimeout
                0x0800874c      0x120 ./Middlewares/Third_Party/FreeRTOS/Source/tasks.o
                0x0800874c                vTaskPriorityDisinheritAfterTimeout
 .text.pvTaskIncrementMutexHeldCount
                0x0800886c       0x28 ./Middlewares/Third_Party/FreeRTOS/Source/tasks.o
                0x0800886c                pvTaskIncrementMutexHeldCount
 .text.prvAddCurrentTaskToDelayedList
                0x08008894       0xcc ./Middlewares/Third_Party/FreeRTOS/Source/tasks.o
 .text.pxPortInitialiseStack
                0x08008960       0x68 ./Middlewares/Third_Party/FreeRTOS/Source/portable/GCC/ARM_CM4F/port.o
                0x08008960                pxPortInitialiseStack
 .text.prvTaskExitError
                0x080089c8       0x5c ./Middlewares/Third_Party/FreeRTOS/Source/portable/GCC/ARM_CM4F/port.o
 *fill*         0x08008a24        0xc 
 .text.SVC_Handler
                0x08008a30       0x28 ./Middlewares/Third_Party/FreeRTOS/Source/portable/GCC/ARM_CM4F/port.o
                0x08008a30                SVC_Handler
 .text.prvPortStartFirstTask
                0x08008a58       0x28 ./Middlewares/Third_Party/FreeRTOS/Source/portable/GCC/ARM_CM4F/port.o
 .text.xPortStartScheduler
                0x08008a80      0x148 ./Middlewares/Third_Party/FreeRTOS/Source/portable/GCC/ARM_CM4F/port.o
                0x08008a80                xPortStartScheduler
 .text.vPortEnterCritical
                0x08008bc8       0x64 ./Middlewares/Third_Party/FreeRTOS/Source/portable/GCC/ARM_CM4F/port.o
                0x08008bc8                vPortEnterCritical
 .text.vPortExitCritical
                0x08008c2c       0x54 ./Middlewares/Third_Party/FreeRTOS/Source/portable/GCC/ARM_CM4F/port.o
                0x08008c2c                vPortExitCritical
 .text.PendSV_Handler
                0x08008c80       0x68 ./Middlewares/Third_Party/FreeRTOS/Source/portable/GCC/ARM_CM4F/port.o
                0x08008c80                PendSV_Handler
 .text.xPortSysTickHandler
                0x08008ce8       0x44 ./Middlewares/Third_Party/FreeRTOS/Source/portable/GCC/ARM_CM4F/port.o
                0x08008ce8                xPortSysTickHandler
 .text.vPortSetupTimerInterrupt
                0x08008d2c       0x48 ./Middlewares/Third_Party/FreeRTOS/Source/portable/GCC/ARM_CM4F/port.o
                0x08008d2c                vPortSetupTimerInterrupt
 .text.vPortEnableVFP
                0x08008d74       0x14 ./Middlewares/Third_Party/FreeRTOS/Source/portable/GCC/ARM_CM4F/port.o
 .text.pvPortMalloc
                0x08008d88      0x19c ./Middlewares/Third_Party/FreeRTOS/Source/portable/MemMang/heap_4.o
                0x08008d88                pvPortMalloc
 .text.vPortFree
                0x08008f24       0xc8 ./Middlewares/Third_Party/FreeRTOS/Source/portable/MemMang/heap_4.o
                0x08008f24                vPortFree
 .text.prvHeapInit
                0x08008fec       0xc8 ./Middlewares/Third_Party/FreeRTOS/Source/portable/MemMang/heap_4.o
 .text.prvInsertBlockIntoFreeList
                0x080090b4       0xb4 ./Middlewares/Third_Party/FreeRTOS/Source/portable/MemMang/heap_4.o
 .text.malloc   0x08009168       0x10 C:/muiinf-seu/STM32CubeIDE/plugins/com.st.stm32cube.ide.mcu.externaltools.gnu-tools-for-stm32.13.3.rel1.win32_1.0.0.202411081344/tools/bin/../lib/gcc/arm-none-eabi/13.3.1/../../../../arm-none-eabi/lib/thumb/v7e-m+fp/hard\libc_nano.a(libc_a-malloc.o)
                0x08009168                malloc
 .text.free     0x08009178       0x10 C:/muiinf-seu/STM32CubeIDE/plugins/com.st.stm32cube.ide.mcu.externaltools.gnu-tools-for-stm32.13.3.rel1.win32_1.0.0.202411081344/tools/bin/../lib/gcc/arm-none-eabi/13.3.1/../../../../arm-none-eabi/lib/thumb/v7e-m+fp/hard\libc_nano.a(libc_a-malloc.o)
                0x08009178                free
 .text.sbrk_aligned
                0x08009188       0x44 C:/muiinf-seu/STM32CubeIDE/plugins/com.st.stm32cube.ide.mcu.externaltools.gnu-tools-for-stm32.13.3.rel1.win32_1.0.0.202411081344/tools/bin/../lib/gcc/arm-none-eabi/13.3.1/../../../../arm-none-eabi/lib/thumb/v7e-m+fp/hard\libc_nano.a(libc_a-mallocr.o)
 .text._malloc_r
                0x080091cc      0x100 C:/muiinf-seu/STM32CubeIDE/plugins/com.st.stm32cube.ide.mcu.externaltools.gnu-tools-for-stm32.13.3.rel1.win32_1.0.0.202411081344/tools/bin/../lib/gcc/arm-none-eabi/13.3.1/../../../../arm-none-eabi/lib/thumb/v7e-m+fp/hard\libc_nano.a(libc_a-mallocr.o)
                0x080091cc                _malloc_r
 .text.__malloc_lock
                0x080092cc        0xc C:/muiinf-seu/STM32CubeIDE/plugins/com.st.stm32cube.ide.mcu.externaltools.gnu-tools-for-stm32.13.3.rel1.win32_1.0.0.202411081344/tools/bin/../lib/gcc/arm-none-eabi/13.3.1/../../../../arm-none-eabi/lib/thumb/v7e-m+fp/hard\libc_nano.a(libc_a-mlock.o)
                0x080092cc                __malloc_lock
 .text.__malloc_unlock
                0x080092d8        0xc C:/muiinf-seu/STM32CubeIDE/plugins/com.st.stm32cube.ide.mcu.externaltools.gnu-tools-for-stm32.13.3.rel1.win32_1.0.0.202411081344/tools/bin/../lib/gcc/arm-none-eabi/13.3.1/../../../../arm-none-eabi/lib/thumb/v7e-m+fp/hard\libc_nano.a(libc_a-mlock.o)
                0x080092d8                __malloc_unlock
 .text.rand     0x080092e4       0x7c C:/muiinf-seu/STM32CubeIDE/plugins/com.st.stm32cube.ide.mcu.externaltools.gnu-tools-for-stm32.13.3.rel1.win32_1.0.0.202411081344/tools/bin/../lib/gcc/arm-none-eabi/13.3.1/../../../../arm-none-eabi/lib/thumb/v7e-m+fp/hard\libc_nano.a(libc_a-rand.o)
                0x080092e4                rand
 .text.realloc  0x08009360       0x10 C:/muiinf-seu/STM32CubeIDE/plugins/com.st.stm32cube.ide.mcu.externaltools.gnu-tools-for-stm32.13.3.rel1.win32_1.0.0.202411081344/tools/bin/../lib/gcc/arm-none-eabi/13.3.1/../../../../arm-none-eabi/lib/thumb/v7e-m+fp/hard\libc_nano.a(libc_a-realloc.o)
                0x08009360                realloc
 .text._realloc_r
                0x08009370       0x5c C:/muiinf-seu/STM32CubeIDE/plugins/com.st.stm32cube.ide.mcu.externaltools.gnu-tools-for-stm32.13.3.rel1.win32_1.0.0.202411081344/tools/bin/../lib/gcc/arm-none-eabi/13.3.1/../../../../arm-none-eabi/lib/thumb/v7e-m+fp/hard\libc_nano.a(libc_a-reallocr.o)
                0x08009370                _realloc_r
 .text.sulp     0x080093cc       0x3c C:/muiinf-seu/STM32CubeIDE/plugins/com.st.stm32cube.ide.mcu.externaltools.gnu-tools-for-stm32.13.3.rel1.win32_1.0.0.202411081344/tools/bin/../lib/gcc/arm-none-eabi/13.3.1/../../../../arm-none-eabi/lib/thumb/v7e-m+fp/hard\libc_nano.a(libc_a-strtod.o)
 .text._strtod_l
                0x08009408      0xbc8 C:/muiinf-seu/STM32CubeIDE/plugins/com.st.stm32cube.ide.mcu.externaltools.gnu-tools-for-stm32.13.3.rel1.win32_1.0.0.202411081344/tools/bin/../lib/gcc/arm-none-eabi/13.3.1/../../../../arm-none-eabi/lib/thumb/v7e-m+fp/hard\libc_nano.a(libc_a-strtod.o)
                0x08009408                _strtod_l
 .text.strtod   0x08009fd0       0x18 C:/muiinf-seu/STM32CubeIDE/plugins/com.st.stm32cube.ide.mcu.externaltools.gnu-tools-for-stm32.13.3.rel1.win32_1.0.0.202411081344/tools/bin/../lib/gcc/arm-none-eabi/13.3.1/../../../../arm-none-eabi/lib/thumb/v7e-m+fp/hard\libc_nano.a(libc_a-strtod.o)
                0x08009fd0                strtod
 .text.__cvt    0x08009fe8       0xca C:/muiinf-seu/STM32CubeIDE/plugins/com.st.stm32cube.ide.mcu.externaltools.gnu-tools-for-stm32.13.3.rel1.win32_1.0.0.202411081344/tools/bin/../lib/gcc/arm-none-eabi/13.3.1/../../../../arm-none-eabi/lib/thumb/v7e-m+fp/hard\libc_nano.a(libc_a-nano-vfprintf_float.o)
                0x08009fe8                __cvt
 .text.__exponent
                0x0800a0b2       0x74 C:/muiinf-seu/STM32CubeIDE/plugins/com.st.stm32cube.ide.mcu.externaltools.gnu-tools-for-stm32.13.3.rel1.win32_1.0.0.202411081344/tools/bin/../lib/gcc/arm-none-eabi/13.3.1/../../../../arm-none-eabi/lib/thumb/v7e-m+fp/hard\libc_nano.a(libc_a-nano-vfprintf_float.o)
                0x0800a0b2                __exponent
 *fill*         0x0800a126        0x2 
 .text._printf_float
                0x0800a128      0x454 C:/muiinf-seu/STM32CubeIDE/plugins/com.st.stm32cube.ide.mcu.externaltools.gnu-tools-for-stm32.13.3.rel1.win32_1.0.0.202411081344/tools/bin/../lib/gcc/arm-none-eabi/13.3.1/../../../../arm-none-eabi/lib/thumb/v7e-m+fp/hard\libc_nano.a(libc_a-nano-vfprintf_float.o)
                0x0800a128                _printf_float
 .text._printf_common
                0x0800a57c       0xda C:/muiinf-seu/STM32CubeIDE/plugins/com.st.stm32cube.ide.mcu.externaltools.gnu-tools-for-stm32.13.3.rel1.win32_1.0.0.202411081344/tools/bin/../lib/gcc/arm-none-eabi/13.3.1/../../../../arm-none-eabi/lib/thumb/v7e-m+fp/hard\libc_nano.a(libc_a-nano-vfprintf_i.o)
                0x0800a57c                _printf_common
 *fill*         0x0800a656        0x2 
 .text._printf_i
                0x0800a658      0x23c C:/muiinf-seu/STM32CubeIDE/plugins/com.st.stm32cube.ide.mcu.externaltools.gnu-tools-for-stm32.13.3.rel1.win32_1.0.0.202411081344/tools/bin/../lib/gcc/arm-none-eabi/13.3.1/../../../../arm-none-eabi/lib/thumb/v7e-m+fp/hard\libc_nano.a(libc_a-nano-vfprintf_i.o)
                0x0800a658                _printf_i
 .text.__sflush_r
                0x0800a894      0x108 C:/muiinf-seu/STM32CubeIDE/plugins/com.st.stm32cube.ide.mcu.externaltools.gnu-tools-for-stm32.13.3.rel1.win32_1.0.0.202411081344/tools/bin/../lib/gcc/arm-none-eabi/13.3.1/../../../../arm-none-eabi/lib/thumb/v7e-m+fp/hard\libc_nano.a(libc_a-fflush.o)
                0x0800a894                __sflush_r
 .text._fflush_r
                0x0800a99c       0x50 C:/muiinf-seu/STM32CubeIDE/plugins/com.st.stm32cube.ide.mcu.externaltools.gnu-tools-for-stm32.13.3.rel1.win32_1.0.0.202411081344/tools/bin/../lib/gcc/arm-none-eabi/13.3.1/../../../../arm-none-eabi/lib/thumb/v7e-m+fp/hard\libc_nano.a(libc_a-fflush.o)
                0x0800a99c                _fflush_r
 .text.fflush   0x0800a9ec       0x28 C:/muiinf-seu/STM32CubeIDE/plugins/com.st.stm32cube.ide.mcu.externaltools.gnu-tools-for-stm32.13.3.rel1.win32_1.0.0.202411081344/tools/bin/../lib/gcc/arm-none-eabi/13.3.1/../../../../arm-none-eabi/lib/thumb/v7e-m+fp/hard\libc_nano.a(libc_a-fflush.o)
                0x0800a9ec                fflush
 .text.std      0x0800aa14       0x6c C:/muiinf-seu/STM32CubeIDE/plugins/com.st.stm32cube.ide.mcu.externaltools.gnu-tools-for-stm32.13.3.rel1.win32_1.0.0.202411081344/tools/bin/../lib/gcc/arm-none-eabi/13.3.1/../../../../arm-none-eabi/lib/thumb/v7e-m+fp/hard\libc_nano.a(libc_a-findfp.o)
 .text.stdio_exit_handler
                0x0800aa80       0x18 C:/muiinf-seu/STM32CubeIDE/plugins/com.st.stm32cube.ide.mcu.externaltools.gnu-tools-for-stm32.13.3.rel1.win32_1.0.0.202411081344/tools/bin/../lib/gcc/arm-none-eabi/13.3.1/../../../../arm-none-eabi/lib/thumb/v7e-m+fp/hard\libc_nano.a(libc_a-findfp.o)
 .text.cleanup_stdio
                0x0800aa98       0x40 C:/muiinf-seu/STM32CubeIDE/plugins/com.st.stm32cube.ide.mcu.externaltools.gnu-tools-for-stm32.13.3.rel1.win32_1.0.0.202411081344/tools/bin/../lib/gcc/arm-none-eabi/13.3.1/../../../../arm-none-eabi/lib/thumb/v7e-m+fp/hard\libc_nano.a(libc_a-findfp.o)
 .text.global_stdio_init.part.0
                0x0800aad8       0x3c C:/muiinf-seu/STM32CubeIDE/plugins/com.st.stm32cube.ide.mcu.externaltools.gnu-tools-for-stm32.13.3.rel1.win32_1.0.0.202411081344/tools/bin/../lib/gcc/arm-none-eabi/13.3.1/../../../../arm-none-eabi/lib/thumb/v7e-m+fp/hard\libc_nano.a(libc_a-findfp.o)
 .text.__sfp_lock_acquire
                0x0800ab14        0xc C:/muiinf-seu/STM32CubeIDE/plugins/com.st.stm32cube.ide.mcu.externaltools.gnu-tools-for-stm32.13.3.rel1.win32_1.0.0.202411081344/tools/bin/../lib/gcc/arm-none-eabi/13.3.1/../../../../arm-none-eabi/lib/thumb/v7e-m+fp/hard\libc_nano.a(libc_a-findfp.o)
                0x0800ab14                __sfp_lock_acquire
 .text.__sfp_lock_release
                0x0800ab20        0xc C:/muiinf-seu/STM32CubeIDE/plugins/com.st.stm32cube.ide.mcu.externaltools.gnu-tools-for-stm32.13.3.rel1.win32_1.0.0.202411081344/tools/bin/../lib/gcc/arm-none-eabi/13.3.1/../../../../arm-none-eabi/lib/thumb/v7e-m+fp/hard\libc_nano.a(libc_a-findfp.o)
                0x0800ab20                __sfp_lock_release
 .text.__sinit  0x0800ab2c       0x30 C:/muiinf-seu/STM32CubeIDE/plugins/com.st.stm32cube.ide.mcu.externaltools.gnu-tools-for-stm32.13.3.rel1.win32_1.0.0.202411081344/tools/bin/../lib/gcc/arm-none-eabi/13.3.1/../../../../arm-none-eabi/lib/thumb/v7e-m+fp/hard\libc_nano.a(libc_a-findfp.o)
                0x0800ab2c                __sinit
 .text._fwalk_sglue
                0x0800ab5c       0x3c C:/muiinf-seu/STM32CubeIDE/plugins/com.st.stm32cube.ide.mcu.externaltools.gnu-tools-for-stm32.13.3.rel1.win32_1.0.0.202411081344/tools/bin/../lib/gcc/arm-none-eabi/13.3.1/../../../../arm-none-eabi/lib/thumb/v7e-m+fp/hard\libc_nano.a(libc_a-fwalk.o)
                0x0800ab5c                _fwalk_sglue
 .text.printf   0x0800ab98       0x24 C:/muiinf-seu/STM32CubeIDE/plugins/com.st.stm32cube.ide.mcu.externaltools.gnu-tools-for-stm32.13.3.rel1.win32_1.0.0.202411081344/tools/bin/../lib/gcc/arm-none-eabi/13.3.1/../../../../arm-none-eabi/lib/thumb/v7e-m+fp/hard\libc_nano.a(libc_a-printf.o)
                0x0800ab98                iprintf
                0x0800ab98                printf
 .text._puts_r  0x0800abbc       0xaa C:/muiinf-seu/STM32CubeIDE/plugins/com.st.stm32cube.ide.mcu.externaltools.gnu-tools-for-stm32.13.3.rel1.win32_1.0.0.202411081344/tools/bin/../lib/gcc/arm-none-eabi/13.3.1/../../../../arm-none-eabi/lib/thumb/v7e-m+fp/hard\libc_nano.a(libc_a-puts.o)
                0x0800abbc                _puts_r
 *fill*         0x0800ac66        0x2 
 .text.puts     0x0800ac68       0x10 C:/muiinf-seu/STM32CubeIDE/plugins/com.st.stm32cube.ide.mcu.externaltools.gnu-tools-for-stm32.13.3.rel1.win32_1.0.0.202411081344/tools/bin/../lib/gcc/arm-none-eabi/13.3.1/../../../../arm-none-eabi/lib/thumb/v7e-m+fp/hard\libc_nano.a(libc_a-puts.o)
                0x0800ac68                puts
 .text.setvbuf  0x0800ac78      0x168 C:/muiinf-seu/STM32CubeIDE/plugins/com.st.stm32cube.ide.mcu.externaltools.gnu-tools-for-stm32.13.3.rel1.win32_1.0.0.202411081344/tools/bin/../lib/gcc/arm-none-eabi/13.3.1/../../../../arm-none-eabi/lib/thumb/v7e-m+fp/hard\libc_nano.a(libc_a-setvbuf.o)
                0x0800ac78                setvbuf
 .text.sprintf  0x0800ade0       0x44 C:/muiinf-seu/STM32CubeIDE/plugins/com.st.stm32cube.ide.mcu.externaltools.gnu-tools-for-stm32.13.3.rel1.win32_1.0.0.202411081344/tools/bin/../lib/gcc/arm-none-eabi/13.3.1/../../../../arm-none-eabi/lib/thumb/v7e-m+fp/hard\libc_nano.a(libc_a-sprintf.o)
                0x0800ade0                siprintf
                0x0800ade0                sprintf
 .text.sscanf   0x0800ae24       0x58 C:/muiinf-seu/STM32CubeIDE/plugins/com.st.stm32cube.ide.mcu.externaltools.gnu-tools-for-stm32.13.3.rel1.win32_1.0.0.202411081344/tools/bin/../lib/gcc/arm-none-eabi/13.3.1/../../../../arm-none-eabi/lib/thumb/v7e-m+fp/hard\libc_nano.a(libc_a-sscanf.o)
                0x0800ae24                siscanf
                0x0800ae24                sscanf
 .text.__sread  0x0800ae7c       0x22 C:/muiinf-seu/STM32CubeIDE/plugins/com.st.stm32cube.ide.mcu.externaltools.gnu-tools-for-stm32.13.3.rel1.win32_1.0.0.202411081344/tools/bin/../lib/gcc/arm-none-eabi/13.3.1/../../../../arm-none-eabi/lib/thumb/v7e-m+fp/hard\libc_nano.a(libc_a-stdio.o)
                0x0800ae7c                __sread
 .text.__seofread
                0x0800ae9e        0x4 C:/muiinf-seu/STM32CubeIDE/plugins/com.st.stm32cube.ide.mcu.externaltools.gnu-tools-for-stm32.13.3.rel1.win32_1.0.0.202411081344/tools/bin/../lib/gcc/arm-none-eabi/13.3.1/../../../../arm-none-eabi/lib/thumb/v7e-m+fp/hard\libc_nano.a(libc_a-stdio.o)
                0x0800ae9e                __seofread
 .text.__swrite
                0x0800aea2       0x38 C:/muiinf-seu/STM32CubeIDE/plugins/com.st.stm32cube.ide.mcu.externaltools.gnu-tools-for-stm32.13.3.rel1.win32_1.0.0.202411081344/tools/bin/../lib/gcc/arm-none-eabi/13.3.1/../../../../arm-none-eabi/lib/thumb/v7e-m+fp/hard\libc_nano.a(libc_a-stdio.o)
                0x0800aea2                __swrite
 .text.__sseek  0x0800aeda       0x24 C:/muiinf-seu/STM32CubeIDE/plugins/com.st.stm32cube.ide.mcu.externaltools.gnu-tools-for-stm32.13.3.rel1.win32_1.0.0.202411081344/tools/bin/../lib/gcc/arm-none-eabi/13.3.1/../../../../arm-none-eabi/lib/thumb/v7e-m+fp/hard\libc_nano.a(libc_a-stdio.o)
                0x0800aeda                __sseek
 .text.__sclose
                0x0800aefe        0x8 C:/muiinf-seu/STM32CubeIDE/plugins/com.st.stm32cube.ide.mcu.externaltools.gnu-tools-for-stm32.13.3.rel1.win32_1.0.0.202411081344/tools/bin/../lib/gcc/arm-none-eabi/13.3.1/../../../../arm-none-eabi/lib/thumb/v7e-m+fp/hard\libc_nano.a(libc_a-stdio.o)
                0x0800aefe                __sclose
 *fill*         0x0800af06        0x2 
 .text._vsprintf_r
                0x0800af08       0x2c C:/muiinf-seu/STM32CubeIDE/plugins/com.st.stm32cube.ide.mcu.externaltools.gnu-tools-for-stm32.13.3.rel1.win32_1.0.0.202411081344/tools/bin/../lib/gcc/arm-none-eabi/13.3.1/../../../../arm-none-eabi/lib/thumb/v7e-m+fp/hard\libc_nano.a(libc_a-vsprintf.o)
                0x0800af08                _vsprintf_r
                0x0800af08                _vsiprintf_r
 .text.vsprintf
                0x0800af34       0x14 C:/muiinf-seu/STM32CubeIDE/plugins/com.st.stm32cube.ide.mcu.externaltools.gnu-tools-for-stm32.13.3.rel1.win32_1.0.0.202411081344/tools/bin/../lib/gcc/arm-none-eabi/13.3.1/../../../../arm-none-eabi/lib/thumb/v7e-m+fp/hard\libc_nano.a(libc_a-vsprintf.o)
                0x0800af34                vsiprintf
                0x0800af34                vsprintf
 .text.__swbuf_r
                0x0800af48       0x7c C:/muiinf-seu/STM32CubeIDE/plugins/com.st.stm32cube.ide.mcu.externaltools.gnu-tools-for-stm32.13.3.rel1.win32_1.0.0.202411081344/tools/bin/../lib/gcc/arm-none-eabi/13.3.1/../../../../arm-none-eabi/lib/thumb/v7e-m+fp/hard\libc_nano.a(libc_a-wbuf.o)
                0x0800af48                __swbuf_r
 .text.__swsetup_r
                0x0800afc4       0xac C:/muiinf-seu/STM32CubeIDE/plugins/com.st.stm32cube.ide.mcu.externaltools.gnu-tools-for-stm32.13.3.rel1.win32_1.0.0.202411081344/tools/bin/../lib/gcc/arm-none-eabi/13.3.1/../../../../arm-none-eabi/lib/thumb/v7e-m+fp/hard\libc_nano.a(libc_a-wsetup.o)
                0x0800afc4                __swsetup_r
 .text.memset   0x0800b070       0x10 C:/muiinf-seu/STM32CubeIDE/plugins/com.st.stm32cube.ide.mcu.externaltools.gnu-tools-for-stm32.13.3.rel1.win32_1.0.0.202411081344/tools/bin/../lib/gcc/arm-none-eabi/13.3.1/../../../../arm-none-eabi/lib/thumb/v7e-m+fp/hard\libc_nano.a(libc_a-memset.o)
                0x0800b070                memset
 .text.strchr   0x0800b080       0x1a C:/muiinf-seu/STM32CubeIDE/plugins/com.st.stm32cube.ide.mcu.externaltools.gnu-tools-for-stm32.13.3.rel1.win32_1.0.0.202411081344/tools/bin/../lib/gcc/arm-none-eabi/13.3.1/../../../../arm-none-eabi/lib/thumb/v7e-m+fp/hard\libc_nano.a(libc_a-strchr.o)
                0x0800b080                strchr
 .text.strncmp  0x0800b09a       0x24 C:/muiinf-seu/STM32CubeIDE/plugins/com.st.stm32cube.ide.mcu.externaltools.gnu-tools-for-stm32.13.3.rel1.win32_1.0.0.202411081344/tools/bin/../lib/gcc/arm-none-eabi/13.3.1/../../../../arm-none-eabi/lib/thumb/v7e-m+fp/hard\libc_nano.a(libc_a-strncmp.o)
                0x0800b09a                strncmp
 .text.strstr   0x0800b0be       0x2c C:/muiinf-seu/STM32CubeIDE/plugins/com.st.stm32cube.ide.mcu.externaltools.gnu-tools-for-stm32.13.3.rel1.win32_1.0.0.202411081344/tools/bin/../lib/gcc/arm-none-eabi/13.3.1/../../../../arm-none-eabi/lib/thumb/v7e-m+fp/hard\libc_nano.a(libc_a-strstr.o)
                0x0800b0be                strstr
 *fill*         0x0800b0ea        0x2 
 .text.localtime
                0x0800b0ec       0x3c C:/muiinf-seu/STM32CubeIDE/plugins/com.st.stm32cube.ide.mcu.externaltools.gnu-tools-for-stm32.13.3.rel1.win32_1.0.0.202411081344/tools/bin/../lib/gcc/arm-none-eabi/13.3.1/../../../../arm-none-eabi/lib/thumb/v7e-m+fp/hard\libc_nano.a(libc_a-lcltime.o)
                0x0800b0ec                localtime
 .text.localtime_r
                0x0800b128      0x1e0 C:/muiinf-seu/STM32CubeIDE/plugins/com.st.stm32cube.ide.mcu.externaltools.gnu-tools-for-stm32.13.3.rel1.win32_1.0.0.202411081344/tools/bin/../lib/gcc/arm-none-eabi/13.3.1/../../../../arm-none-eabi/lib/thumb/v7e-m+fp/hard\libc_nano.a(libc_a-lcltime_r.o)
                0x0800b128                localtime_r
 .text.validate_structure
                0x0800b308      0x1a8 C:/muiinf-seu/STM32CubeIDE/plugins/com.st.stm32cube.ide.mcu.externaltools.gnu-tools-for-stm32.13.3.rel1.win32_1.0.0.202411081344/tools/bin/../lib/gcc/arm-none-eabi/13.3.1/../../../../arm-none-eabi/lib/thumb/v7e-m+fp/hard\libc_nano.a(libc_a-mktime.o)
 .text.mktime   0x0800b4b0      0x370 C:/muiinf-seu/STM32CubeIDE/plugins/com.st.stm32cube.ide.mcu.externaltools.gnu-tools-for-stm32.13.3.rel1.win32_1.0.0.202411081344/tools/bin/../lib/gcc/arm-none-eabi/13.3.1/../../../../arm-none-eabi/lib/thumb/v7e-m+fp/hard\libc_nano.a(libc_a-mktime.o)
                0x0800b4b0                mktime
 .text.__tzcalc_limits
                0x0800b820      0x168 C:/muiinf-seu/STM32CubeIDE/plugins/com.st.stm32cube.ide.mcu.externaltools.gnu-tools-for-stm32.13.3.rel1.win32_1.0.0.202411081344/tools/bin/../lib/gcc/arm-none-eabi/13.3.1/../../../../arm-none-eabi/lib/thumb/v7e-m+fp/hard\libc_nano.a(libc_a-tzcalc_limits.o)
                0x0800b820                __tzcalc_limits
 .text.__tz_lock
                0x0800b988        0xc C:/muiinf-seu/STM32CubeIDE/plugins/com.st.stm32cube.ide.mcu.externaltools.gnu-tools-for-stm32.13.3.rel1.win32_1.0.0.202411081344/tools/bin/../lib/gcc/arm-none-eabi/13.3.1/../../../../arm-none-eabi/lib/thumb/v7e-m+fp/hard\libc_nano.a(libc_a-tzlock.o)
                0x0800b988                __tz_lock
 .text.__tz_unlock
                0x0800b994        0xc C:/muiinf-seu/STM32CubeIDE/plugins/com.st.stm32cube.ide.mcu.externaltools.gnu-tools-for-stm32.13.3.rel1.win32_1.0.0.202411081344/tools/bin/../lib/gcc/arm-none-eabi/13.3.1/../../../../arm-none-eabi/lib/thumb/v7e-m+fp/hard\libc_nano.a(libc_a-tzlock.o)
                0x0800b994                __tz_unlock
 .text._tzset_unlocked
                0x0800b9a0        0xc C:/muiinf-seu/STM32CubeIDE/plugins/com.st.stm32cube.ide.mcu.externaltools.gnu-tools-for-stm32.13.3.rel1.win32_1.0.0.202411081344/tools/bin/../lib/gcc/arm-none-eabi/13.3.1/../../../../arm-none-eabi/lib/thumb/v7e-m+fp/hard\libc_nano.a(libc_a-tzset.o)
                0x0800b9a0                _tzset_unlocked
 .text._tzset_unlocked_r
                0x0800b9ac      0x444 C:/muiinf-seu/STM32CubeIDE/plugins/com.st.stm32cube.ide.mcu.externaltools.gnu-tools-for-stm32.13.3.rel1.win32_1.0.0.202411081344/tools/bin/../lib/gcc/arm-none-eabi/13.3.1/../../../../arm-none-eabi/lib/thumb/v7e-m+fp/hard\libc_nano.a(libc_a-tzset_r.o)
                0x0800b9ac                _tzset_unlocked_r
 .text._localeconv_r
                0x0800bdf0        0x8 C:/muiinf-seu/STM32CubeIDE/plugins/com.st.stm32cube.ide.mcu.externaltools.gnu-tools-for-stm32.13.3.rel1.win32_1.0.0.202411081344/tools/bin/../lib/gcc/arm-none-eabi/13.3.1/../../../../arm-none-eabi/lib/thumb/v7e-m+fp/hard\libc_nano.a(libc_a-localeconv.o)
                0x0800bdf0                _localeconv_r
 .text._close_r
                0x0800bdf8       0x20 C:/muiinf-seu/STM32CubeIDE/plugins/com.st.stm32cube.ide.mcu.externaltools.gnu-tools-for-stm32.13.3.rel1.win32_1.0.0.202411081344/tools/bin/../lib/gcc/arm-none-eabi/13.3.1/../../../../arm-none-eabi/lib/thumb/v7e-m+fp/hard\libc_nano.a(libc_a-closer.o)
                0x0800bdf8                _close_r
 .text._lseek_r
                0x0800be18       0x24 C:/muiinf-seu/STM32CubeIDE/plugins/com.st.stm32cube.ide.mcu.externaltools.gnu-tools-for-stm32.13.3.rel1.win32_1.0.0.202411081344/tools/bin/../lib/gcc/arm-none-eabi/13.3.1/../../../../arm-none-eabi/lib/thumb/v7e-m+fp/hard\libc_nano.a(libc_a-lseekr.o)
                0x0800be18                _lseek_r
 .text._read_r  0x0800be3c       0x24 C:/muiinf-seu/STM32CubeIDE/plugins/com.st.stm32cube.ide.mcu.externaltools.gnu-tools-for-stm32.13.3.rel1.win32_1.0.0.202411081344/tools/bin/../lib/gcc/arm-none-eabi/13.3.1/../../../../arm-none-eabi/lib/thumb/v7e-m+fp/hard\libc_nano.a(libc_a-readr.o)
                0x0800be3c                _read_r
 .text._sbrk_r  0x0800be60       0x20 C:/muiinf-seu/STM32CubeIDE/plugins/com.st.stm32cube.ide.mcu.externaltools.gnu-tools-for-stm32.13.3.rel1.win32_1.0.0.202411081344/tools/bin/../lib/gcc/arm-none-eabi/13.3.1/../../../../arm-none-eabi/lib/thumb/v7e-m+fp/hard\libc_nano.a(libc_a-sbrkr.o)
                0x0800be60                _sbrk_r
 .text._write_r
                0x0800be80       0x24 C:/muiinf-seu/STM32CubeIDE/plugins/com.st.stm32cube.ide.mcu.externaltools.gnu-tools-for-stm32.13.3.rel1.win32_1.0.0.202411081344/tools/bin/../lib/gcc/arm-none-eabi/13.3.1/../../../../arm-none-eabi/lib/thumb/v7e-m+fp/hard\libc_nano.a(libc_a-writer.o)
                0x0800be80                _write_r
 .text.__errno  0x0800bea4        0xc C:/muiinf-seu/STM32CubeIDE/plugins/com.st.stm32cube.ide.mcu.externaltools.gnu-tools-for-stm32.13.3.rel1.win32_1.0.0.202411081344/tools/bin/../lib/gcc/arm-none-eabi/13.3.1/../../../../arm-none-eabi/lib/thumb/v7e-m+fp/hard\libc_nano.a(libc_a-errno.o)
                0x0800bea4                __errno
 .text.__libc_init_array
                0x0800beb0       0x48 C:/muiinf-seu/STM32CubeIDE/plugins/com.st.stm32cube.ide.mcu.externaltools.gnu-tools-for-stm32.13.3.rel1.win32_1.0.0.202411081344/tools/bin/../lib/gcc/arm-none-eabi/13.3.1/../../../../arm-none-eabi/lib/thumb/v7e-m+fp/hard\libc_nano.a(libc_a-init.o)
                0x0800beb0                __libc_init_array
 .text.__retarget_lock_init_recursive
                0x0800bef8        0x2 C:/muiinf-seu/STM32CubeIDE/plugins/com.st.stm32cube.ide.mcu.externaltools.gnu-tools-for-stm32.13.3.rel1.win32_1.0.0.202411081344/tools/bin/../lib/gcc/arm-none-eabi/13.3.1/../../../../arm-none-eabi/lib/thumb/v7e-m+fp/hard\libc_nano.a(libc_a-lock.o)
                0x0800bef8                __retarget_lock_init_recursive
 .text.__retarget_lock_acquire
                0x0800befa        0x2 C:/muiinf-seu/STM32CubeIDE/plugins/com.st.stm32cube.ide.mcu.externaltools.gnu-tools-for-stm32.13.3.rel1.win32_1.0.0.202411081344/tools/bin/../lib/gcc/arm-none-eabi/13.3.1/../../../../arm-none-eabi/lib/thumb/v7e-m+fp/hard\libc_nano.a(libc_a-lock.o)
                0x0800befa                __retarget_lock_acquire
 .text.__retarget_lock_acquire_recursive
                0x0800befc        0x2 C:/muiinf-seu/STM32CubeIDE/plugins/com.st.stm32cube.ide.mcu.externaltools.gnu-tools-for-stm32.13.3.rel1.win32_1.0.0.202411081344/tools/bin/../lib/gcc/arm-none-eabi/13.3.1/../../../../arm-none-eabi/lib/thumb/v7e-m+fp/hard\libc_nano.a(libc_a-lock.o)
                0x0800befc                __retarget_lock_acquire_recursive
 .text.__retarget_lock_release
                0x0800befe        0x2 C:/muiinf-seu/STM32CubeIDE/plugins/com.st.stm32cube.ide.mcu.externaltools.gnu-tools-for-stm32.13.3.rel1.win32_1.0.0.202411081344/tools/bin/../lib/gcc/arm-none-eabi/13.3.1/../../../../arm-none-eabi/lib/thumb/v7e-m+fp/hard\libc_nano.a(libc_a-lock.o)
                0x0800befe                __retarget_lock_release
 .text.__retarget_lock_release_recursive
                0x0800bf00        0x2 C:/muiinf-seu/STM32CubeIDE/plugins/com.st.stm32cube.ide.mcu.externaltools.gnu-tools-for-stm32.13.3.rel1.win32_1.0.0.202411081344/tools/bin/../lib/gcc/arm-none-eabi/13.3.1/../../../../arm-none-eabi/lib/thumb/v7e-m+fp/hard\libc_nano.a(libc_a-lock.o)
                0x0800bf00                __retarget_lock_release_recursive
 .text.strcpy   0x0800bf02       0x10 C:/muiinf-seu/STM32CubeIDE/plugins/com.st.stm32cube.ide.mcu.externaltools.gnu-tools-for-stm32.13.3.rel1.win32_1.0.0.202411081344/tools/bin/../lib/gcc/arm-none-eabi/13.3.1/../../../../arm-none-eabi/lib/thumb/v7e-m+fp/hard\libc_nano.a(libc_a-strcpy.o)
                0x0800bf02                strcpy
 .text.memcpy   0x0800bf12       0x1c C:/muiinf-seu/STM32CubeIDE/plugins/com.st.stm32cube.ide.mcu.externaltools.gnu-tools-for-stm32.13.3.rel1.win32_1.0.0.202411081344/tools/bin/../lib/gcc/arm-none-eabi/13.3.1/../../../../arm-none-eabi/lib/thumb/v7e-m+fp/hard\libc_nano.a(libc_a-memcpy-stub.o)
                0x0800bf12                memcpy
 *fill*         0x0800bf2e        0x2 
 .text.nan      0x0800bf30       0x10 C:/muiinf-seu/STM32CubeIDE/plugins/com.st.stm32cube.ide.mcu.externaltools.gnu-tools-for-stm32.13.3.rel1.win32_1.0.0.202411081344/tools/bin/../lib/gcc/arm-none-eabi/13.3.1/../../../../arm-none-eabi/lib/thumb/v7e-m+fp/hard\libc_nano.a(libm_a-s_nan.o)
                0x0800bf30                nan
 .text.nanf     0x0800bf40        0xc C:/muiinf-seu/STM32CubeIDE/plugins/com.st.stm32cube.ide.mcu.externaltools.gnu-tools-for-stm32.13.3.rel1.win32_1.0.0.202411081344/tools/bin/../lib/gcc/arm-none-eabi/13.3.1/../../../../arm-none-eabi/lib/thumb/v7e-m+fp/hard\libc_nano.a(libm_a-sf_nan.o)
                0x0800bf40                nanf
 .text.__assert_func
                0x0800bf4c       0x3c C:/muiinf-seu/STM32CubeIDE/plugins/com.st.stm32cube.ide.mcu.externaltools.gnu-tools-for-stm32.13.3.rel1.win32_1.0.0.202411081344/tools/bin/../lib/gcc/arm-none-eabi/13.3.1/../../../../arm-none-eabi/lib/thumb/v7e-m+fp/hard\libc_nano.a(libc_a-assert.o)
                0x0800bf4c                __assert_func
 .text.div      0x0800bf88       0x10 C:/muiinf-seu/STM32CubeIDE/plugins/com.st.stm32cube.ide.mcu.externaltools.gnu-tools-for-stm32.13.3.rel1.win32_1.0.0.202411081344/tools/bin/../lib/gcc/arm-none-eabi/13.3.1/../../../../arm-none-eabi/lib/thumb/v7e-m+fp/hard\libc_nano.a(libc_a-div.o)
                0x0800bf88                div
 .text.quorem   0x0800bf98      0x110 C:/muiinf-seu/STM32CubeIDE/plugins/com.st.stm32cube.ide.mcu.externaltools.gnu-tools-for-stm32.13.3.rel1.win32_1.0.0.202411081344/tools/bin/../lib/gcc/arm-none-eabi/13.3.1/../../../../arm-none-eabi/lib/thumb/v7e-m+fp/hard\libc_nano.a(libc_a-dtoa.o)
 .text._dtoa_r  0x0800c0a8      0xba0 C:/muiinf-seu/STM32CubeIDE/plugins/com.st.stm32cube.ide.mcu.externaltools.gnu-tools-for-stm32.13.3.rel1.win32_1.0.0.202411081344/tools/bin/../lib/gcc/arm-none-eabi/13.3.1/../../../../arm-none-eabi/lib/thumb/v7e-m+fp/hard\libc_nano.a(libc_a-dtoa.o)
                0x0800c0a8                _dtoa_r
 .text._free_r  0x0800cc48       0x94 C:/muiinf-seu/STM32CubeIDE/plugins/com.st.stm32cube.ide.mcu.externaltools.gnu-tools-for-stm32.13.3.rel1.win32_1.0.0.202411081344/tools/bin/../lib/gcc/arm-none-eabi/13.3.1/../../../../arm-none-eabi/lib/thumb/v7e-m+fp/hard\libc_nano.a(libc_a-freer.o)
                0x0800cc48                _free_r
 .text.rshift   0x0800ccdc       0xa4 C:/muiinf-seu/STM32CubeIDE/plugins/com.st.stm32cube.ide.mcu.externaltools.gnu-tools-for-stm32.13.3.rel1.win32_1.0.0.202411081344/tools/bin/../lib/gcc/arm-none-eabi/13.3.1/../../../../arm-none-eabi/lib/thumb/v7e-m+fp/hard\libc_nano.a(libc_a-gdtoa-gethex.o)
 .text.__hexdig_fun
                0x0800cd80       0x2a C:/muiinf-seu/STM32CubeIDE/plugins/com.st.stm32cube.ide.mcu.externaltools.gnu-tools-for-stm32.13.3.rel1.win32_1.0.0.202411081344/tools/bin/../lib/gcc/arm-none-eabi/13.3.1/../../../../arm-none-eabi/lib/thumb/v7e-m+fp/hard\libc_nano.a(libc_a-gdtoa-gethex.o)
                0x0800cd80                __hexdig_fun
 *fill*         0x0800cdaa        0x2 
 .text.__gethex
                0x0800cdac      0x420 C:/muiinf-seu/STM32CubeIDE/plugins/com.st.stm32cube.ide.mcu.externaltools.gnu-tools-for-stm32.13.3.rel1.win32_1.0.0.202411081344/tools/bin/../lib/gcc/arm-none-eabi/13.3.1/../../../../arm-none-eabi/lib/thumb/v7e-m+fp/hard\libc_nano.a(libc_a-gdtoa-gethex.o)
                0x0800cdac                __gethex
 .text.L_shift  0x0800d1cc       0x24 C:/muiinf-seu/STM32CubeIDE/plugins/com.st.stm32cube.ide.mcu.externaltools.gnu-tools-for-stm32.13.3.rel1.win32_1.0.0.202411081344/tools/bin/../lib/gcc/arm-none-eabi/13.3.1/../../../../arm-none-eabi/lib/thumb/v7e-m+fp/hard\libc_nano.a(libc_a-gdtoa-hexnan.o)
 .text.__match  0x0800d1f0       0x28 C:/muiinf-seu/STM32CubeIDE/plugins/com.st.stm32cube.ide.mcu.externaltools.gnu-tools-for-stm32.13.3.rel1.win32_1.0.0.202411081344/tools/bin/../lib/gcc/arm-none-eabi/13.3.1/../../../../arm-none-eabi/lib/thumb/v7e-m+fp/hard\libc_nano.a(libc_a-gdtoa-hexnan.o)
                0x0800d1f0                __match
 .text.__hexnan
                0x0800d218      0x136 C:/muiinf-seu/STM32CubeIDE/plugins/com.st.stm32cube.ide.mcu.externaltools.gnu-tools-for-stm32.13.3.rel1.win32_1.0.0.202411081344/tools/bin/../lib/gcc/arm-none-eabi/13.3.1/../../../../arm-none-eabi/lib/thumb/v7e-m+fp/hard\libc_nano.a(libc_a-gdtoa-hexnan.o)
                0x0800d218                __hexnan
 *fill*         0x0800d34e        0x2 
 .text._findenv_r
                0x0800d350       0x78 C:/muiinf-seu/STM32CubeIDE/plugins/com.st.stm32cube.ide.mcu.externaltools.gnu-tools-for-stm32.13.3.rel1.win32_1.0.0.202411081344/tools/bin/../lib/gcc/arm-none-eabi/13.3.1/../../../../arm-none-eabi/lib/thumb/v7e-m+fp/hard\libc_nano.a(libc_a-getenv_r.o)
                0x0800d350                _findenv_r
 .text._getenv_r
                0x0800d3c8        0xe C:/muiinf-seu/STM32CubeIDE/plugins/com.st.stm32cube.ide.mcu.externaltools.gnu-tools-for-stm32.13.3.rel1.win32_1.0.0.202411081344/tools/bin/../lib/gcc/arm-none-eabi/13.3.1/../../../../arm-none-eabi/lib/thumb/v7e-m+fp/hard\libc_nano.a(libc_a-getenv_r.o)
                0x0800d3c8                _getenv_r
 .text.__ascii_mbtowc
                0x0800d3d6       0x24 C:/muiinf-seu/STM32CubeIDE/plugins/com.st.stm32cube.ide.mcu.externaltools.gnu-tools-for-stm32.13.3.rel1.win32_1.0.0.202411081344/tools/bin/../lib/gcc/arm-none-eabi/13.3.1/../../../../arm-none-eabi/lib/thumb/v7e-m+fp/hard\libc_nano.a(libc_a-mbtowc_r.o)
                0x0800d3d6                __ascii_mbtowc
 *fill*         0x0800d3fa        0x2 
 .text._Balloc  0x0800d3fc       0x80 C:/muiinf-seu/STM32CubeIDE/plugins/com.st.stm32cube.ide.mcu.externaltools.gnu-tools-for-stm32.13.3.rel1.win32_1.0.0.202411081344/tools/bin/../lib/gcc/arm-none-eabi/13.3.1/../../../../arm-none-eabi/lib/thumb/v7e-m+fp/hard\libc_nano.a(libc_a-mprec.o)
                0x0800d3fc                _Balloc
 .text._Bfree   0x0800d47c       0x44 C:/muiinf-seu/STM32CubeIDE/plugins/com.st.stm32cube.ide.mcu.externaltools.gnu-tools-for-stm32.13.3.rel1.win32_1.0.0.202411081344/tools/bin/../lib/gcc/arm-none-eabi/13.3.1/../../../../arm-none-eabi/lib/thumb/v7e-m+fp/hard\libc_nano.a(libc_a-mprec.o)
                0x0800d47c                _Bfree
 .text.__multadd
                0x0800d4c0       0x8c C:/muiinf-seu/STM32CubeIDE/plugins/com.st.stm32cube.ide.mcu.externaltools.gnu-tools-for-stm32.13.3.rel1.win32_1.0.0.202411081344/tools/bin/../lib/gcc/arm-none-eabi/13.3.1/../../../../arm-none-eabi/lib/thumb/v7e-m+fp/hard\libc_nano.a(libc_a-mprec.o)
                0x0800d4c0                __multadd
 .text.__s2b    0x0800d54c       0x94 C:/muiinf-seu/STM32CubeIDE/plugins/com.st.stm32cube.ide.mcu.externaltools.gnu-tools-for-stm32.13.3.rel1.win32_1.0.0.202411081344/tools/bin/../lib/gcc/arm-none-eabi/13.3.1/../../../../arm-none-eabi/lib/thumb/v7e-m+fp/hard\libc_nano.a(libc_a-mprec.o)
                0x0800d54c                __s2b
 .text.__hi0bits
                0x0800d5e0       0x3e C:/muiinf-seu/STM32CubeIDE/plugins/com.st.stm32cube.ide.mcu.externaltools.gnu-tools-for-stm32.13.3.rel1.win32_1.0.0.202411081344/tools/bin/../lib/gcc/arm-none-eabi/13.3.1/../../../../arm-none-eabi/lib/thumb/v7e-m+fp/hard\libc_nano.a(libc_a-mprec.o)
                0x0800d5e0                __hi0bits
 .text.__lo0bits
                0x0800d61e       0x5a C:/muiinf-seu/STM32CubeIDE/plugins/com.st.stm32cube.ide.mcu.externaltools.gnu-tools-for-stm32.13.3.rel1.win32_1.0.0.202411081344/tools/bin/../lib/gcc/arm-none-eabi/13.3.1/../../../../arm-none-eabi/lib/thumb/v7e-m+fp/hard\libc_nano.a(libc_a-mprec.o)
                0x0800d61e                __lo0bits
 .text.__i2b    0x0800d678       0x2c C:/muiinf-seu/STM32CubeIDE/plugins/com.st.stm32cube.ide.mcu.externaltools.gnu-tools-for-stm32.13.3.rel1.win32_1.0.0.202411081344/tools/bin/../lib/gcc/arm-none-eabi/13.3.1/../../../../arm-none-eabi/lib/thumb/v7e-m+fp/hard\libc_nano.a(libc_a-mprec.o)
                0x0800d678                __i2b
 .text.__multiply
                0x0800d6a4      0x144 C:/muiinf-seu/STM32CubeIDE/plugins/com.st.stm32cube.ide.mcu.externaltools.gnu-tools-for-stm32.13.3.rel1.win32_1.0.0.202411081344/tools/bin/../lib/gcc/arm-none-eabi/13.3.1/../../../../arm-none-eabi/lib/thumb/v7e-m+fp/hard\libc_nano.a(libc_a-mprec.o)
                0x0800d6a4                __multiply
 .text.__pow5mult
                0x0800d7e8       0xb4 C:/muiinf-seu/STM32CubeIDE/plugins/com.st.stm32cube.ide.mcu.externaltools.gnu-tools-for-stm32.13.3.rel1.win32_1.0.0.202411081344/tools/bin/../lib/gcc/arm-none-eabi/13.3.1/../../../../arm-none-eabi/lib/thumb/v7e-m+fp/hard\libc_nano.a(libc_a-mprec.o)
                0x0800d7e8                __pow5mult
 .text.__lshift
                0x0800d89c       0xd8 C:/muiinf-seu/STM32CubeIDE/plugins/com.st.stm32cube.ide.mcu.externaltools.gnu-tools-for-stm32.13.3.rel1.win32_1.0.0.202411081344/tools/bin/../lib/gcc/arm-none-eabi/13.3.1/../../../../arm-none-eabi/lib/thumb/v7e-m+fp/hard\libc_nano.a(libc_a-mprec.o)
                0x0800d89c                __lshift
 .text.__mcmp   0x0800d974       0x36 C:/muiinf-seu/STM32CubeIDE/plugins/com.st.stm32cube.ide.mcu.externaltools.gnu-tools-for-stm32.13.3.rel1.win32_1.0.0.202411081344/tools/bin/../lib/gcc/arm-none-eabi/13.3.1/../../../../arm-none-eabi/lib/thumb/v7e-m+fp/hard\libc_nano.a(libc_a-mprec.o)
                0x0800d974                __mcmp
 *fill*         0x0800d9aa        0x2 
 .text.__mdiff  0x0800d9ac      0x128 C:/muiinf-seu/STM32CubeIDE/plugins/com.st.stm32cube.ide.mcu.externaltools.gnu-tools-for-stm32.13.3.rel1.win32_1.0.0.202411081344/tools/bin/../lib/gcc/arm-none-eabi/13.3.1/../../../../arm-none-eabi/lib/thumb/v7e-m+fp/hard\libc_nano.a(libc_a-mprec.o)
                0x0800d9ac                __mdiff
 .text.__ulp    0x0800dad4       0x4c C:/muiinf-seu/STM32CubeIDE/plugins/com.st.stm32cube.ide.mcu.externaltools.gnu-tools-for-stm32.13.3.rel1.win32_1.0.0.202411081344/tools/bin/../lib/gcc/arm-none-eabi/13.3.1/../../../../arm-none-eabi/lib/thumb/v7e-m+fp/hard\libc_nano.a(libc_a-mprec.o)
                0x0800dad4                __ulp
 .text.__b2d    0x0800db20       0x94 C:/muiinf-seu/STM32CubeIDE/plugins/com.st.stm32cube.ide.mcu.externaltools.gnu-tools-for-stm32.13.3.rel1.win32_1.0.0.202411081344/tools/bin/../lib/gcc/arm-none-eabi/13.3.1/../../../../arm-none-eabi/lib/thumb/v7e-m+fp/hard\libc_nano.a(libc_a-mprec.o)
                0x0800db20                __b2d
 .text.__d2b    0x0800dbb4       0xb0 C:/muiinf-seu/STM32CubeIDE/plugins/com.st.stm32cube.ide.mcu.externaltools.gnu-tools-for-stm32.13.3.rel1.win32_1.0.0.202411081344/tools/bin/../lib/gcc/arm-none-eabi/13.3.1/../../../../arm-none-eabi/lib/thumb/v7e-m+fp/hard\libc_nano.a(libc_a-mprec.o)
                0x0800dbb4                __d2b
 .text.__ratio  0x0800dc64       0x64 C:/muiinf-seu/STM32CubeIDE/plugins/com.st.stm32cube.ide.mcu.externaltools.gnu-tools-for-stm32.13.3.rel1.win32_1.0.0.202411081344/tools/bin/../lib/gcc/arm-none-eabi/13.3.1/../../../../arm-none-eabi/lib/thumb/v7e-m+fp/hard\libc_nano.a(libc_a-mprec.o)
                0x0800dc64                __ratio
 .text.__copybits
                0x0800dcc8       0x46 C:/muiinf-seu/STM32CubeIDE/plugins/com.st.stm32cube.ide.mcu.externaltools.gnu-tools-for-stm32.13.3.rel1.win32_1.0.0.202411081344/tools/bin/../lib/gcc/arm-none-eabi/13.3.1/../../../../arm-none-eabi/lib/thumb/v7e-m+fp/hard\libc_nano.a(libc_a-mprec.o)
                0x0800dcc8                __copybits
 .text.__any_on
                0x0800dd0e       0x42 C:/muiinf-seu/STM32CubeIDE/plugins/com.st.stm32cube.ide.mcu.externaltools.gnu-tools-for-stm32.13.3.rel1.win32_1.0.0.202411081344/tools/bin/../lib/gcc/arm-none-eabi/13.3.1/../../../../arm-none-eabi/lib/thumb/v7e-m+fp/hard\libc_nano.a(libc_a-mprec.o)
                0x0800dd0e                __any_on
 .text._malloc_usable_size_r
                0x0800dd50       0x10 C:/muiinf-seu/STM32CubeIDE/plugins/com.st.stm32cube.ide.mcu.externaltools.gnu-tools-for-stm32.13.3.rel1.win32_1.0.0.202411081344/tools/bin/../lib/gcc/arm-none-eabi/13.3.1/../../../../arm-none-eabi/lib/thumb/v7e-m+fp/hard\libc_nano.a(libc_a-msizer.o)
                0x0800dd50                _malloc_usable_size_r
 .text._strtoul_l.isra.0
                0x0800dd60       0xdc C:/muiinf-seu/STM32CubeIDE/plugins/com.st.stm32cube.ide.mcu.externaltools.gnu-tools-for-stm32.13.3.rel1.win32_1.0.0.202411081344/tools/bin/../lib/gcc/arm-none-eabi/13.3.1/../../../../arm-none-eabi/lib/thumb/v7e-m+fp/hard\libc_nano.a(libc_a-strtoul.o)
 .text._strtoul_r
                0x0800de3c        0x4 C:/muiinf-seu/STM32CubeIDE/plugins/com.st.stm32cube.ide.mcu.externaltools.gnu-tools-for-stm32.13.3.rel1.win32_1.0.0.202411081344/tools/bin/../lib/gcc/arm-none-eabi/13.3.1/../../../../arm-none-eabi/lib/thumb/v7e-m+fp/hard\libc_nano.a(libc_a-strtoul.o)
                0x0800de3c                _strtoul_r
 .text.strtoul  0x0800de40       0x14 C:/muiinf-seu/STM32CubeIDE/plugins/com.st.stm32cube.ide.mcu.externaltools.gnu-tools-for-stm32.13.3.rel1.win32_1.0.0.202411081344/tools/bin/../lib/gcc/arm-none-eabi/13.3.1/../../../../arm-none-eabi/lib/thumb/v7e-m+fp/hard\libc_nano.a(libc_a-strtoul.o)
                0x0800de40                strtoul
 .text.__ascii_wctomb
                0x0800de54       0x1a C:/muiinf-seu/STM32CubeIDE/plugins/com.st.stm32cube.ide.mcu.externaltools.gnu-tools-for-stm32.13.3.rel1.win32_1.0.0.202411081344/tools/bin/../lib/gcc/arm-none-eabi/13.3.1/../../../../arm-none-eabi/lib/thumb/v7e-m+fp/hard\libc_nano.a(libc_a-wctomb_r.o)
                0x0800de54                __ascii_wctomb
 .text.__ssputs_r
                0x0800de6e       0xb6 C:/muiinf-seu/STM32CubeIDE/plugins/com.st.stm32cube.ide.mcu.externaltools.gnu-tools-for-stm32.13.3.rel1.win32_1.0.0.202411081344/tools/bin/../lib/gcc/arm-none-eabi/13.3.1/../../../../arm-none-eabi/lib/thumb/v7e-m+fp/hard\libc_nano.a(libc_a-nano-svfprintf.o)
                0x0800de6e                __ssputs_r
 .text._svfprintf_r
                0x0800df24      0x1f8 C:/muiinf-seu/STM32CubeIDE/plugins/com.st.stm32cube.ide.mcu.externaltools.gnu-tools-for-stm32.13.3.rel1.win32_1.0.0.202411081344/tools/bin/../lib/gcc/arm-none-eabi/13.3.1/../../../../arm-none-eabi/lib/thumb/v7e-m+fp/hard\libc_nano.a(libc_a-nano-svfprintf.o)
                0x0800df24                _svfiprintf_r
                0x0800df24                _svfprintf_r
 .text._sungetc_r
                0x0800e11c       0x7a C:/muiinf-seu/STM32CubeIDE/plugins/com.st.stm32cube.ide.mcu.externaltools.gnu-tools-for-stm32.13.3.rel1.win32_1.0.0.202411081344/tools/bin/../lib/gcc/arm-none-eabi/13.3.1/../../../../arm-none-eabi/lib/thumb/v7e-m+fp/hard\libc_nano.a(libc_a-nano-svfscanf.o)
                0x0800e11c                _sungetc_r
 .text.__ssrefill_r
                0x0800e196       0x3a C:/muiinf-seu/STM32CubeIDE/plugins/com.st.stm32cube.ide.mcu.externaltools.gnu-tools-for-stm32.13.3.rel1.win32_1.0.0.202411081344/tools/bin/../lib/gcc/arm-none-eabi/13.3.1/../../../../arm-none-eabi/lib/thumb/v7e-m+fp/hard\libc_nano.a(libc_a-nano-svfscanf.o)
                0x0800e196                __ssrefill_r
 .text.__ssvfscanf_r
                0x0800e1d0      0x2ec C:/muiinf-seu/STM32CubeIDE/plugins/com.st.stm32cube.ide.mcu.externaltools.gnu-tools-for-stm32.13.3.rel1.win32_1.0.0.202411081344/tools/bin/../lib/gcc/arm-none-eabi/13.3.1/../../../../arm-none-eabi/lib/thumb/v7e-m+fp/hard\libc_nano.a(libc_a-nano-svfscanf.o)
                0x0800e1d0                __ssvfiscanf_r
                0x0800e1d0                __ssvfscanf_r
 .text.__sfputc_r
                0x0800e4bc       0x2e C:/muiinf-seu/STM32CubeIDE/plugins/com.st.stm32cube.ide.mcu.externaltools.gnu-tools-for-stm32.13.3.rel1.win32_1.0.0.202411081344/tools/bin/../lib/gcc/arm-none-eabi/13.3.1/../../../../arm-none-eabi/lib/thumb/v7e-m+fp/hard\libc_nano.a(libc_a-nano-vfprintf.o)
 .text.__sfputs_r
                0x0800e4ea       0x24 C:/muiinf-seu/STM32CubeIDE/plugins/com.st.stm32cube.ide.mcu.externaltools.gnu-tools-for-stm32.13.3.rel1.win32_1.0.0.202411081344/tools/bin/../lib/gcc/arm-none-eabi/13.3.1/../../../../arm-none-eabi/lib/thumb/v7e-m+fp/hard\libc_nano.a(libc_a-nano-vfprintf.o)
                0x0800e4ea                __sfputs_r
 *fill*         0x0800e50e        0x2 
 .text._vfprintf_r
                0x0800e510      0x230 C:/muiinf-seu/STM32CubeIDE/plugins/com.st.stm32cube.ide.mcu.externaltools.gnu-tools-for-stm32.13.3.rel1.win32_1.0.0.202411081344/tools/bin/../lib/gcc/arm-none-eabi/13.3.1/../../../../arm-none-eabi/lib/thumb/v7e-m+fp/hard\libc_nano.a(libc_a-nano-vfprintf.o)
                0x0800e510                _vfprintf_r
                0x0800e510                _vfiprintf_r
 .text._scanf_chars
                0x0800e740       0xb4 C:/muiinf-seu/STM32CubeIDE/plugins/com.st.stm32cube.ide.mcu.externaltools.gnu-tools-for-stm32.13.3.rel1.win32_1.0.0.202411081344/tools/bin/../lib/gcc/arm-none-eabi/13.3.1/../../../../arm-none-eabi/lib/thumb/v7e-m+fp/hard\libc_nano.a(libc_a-nano-vfscanf_i.o)
                0x0800e740                _scanf_chars
 .text._scanf_i
                0x0800e7f4      0x1e8 C:/muiinf-seu/STM32CubeIDE/plugins/com.st.stm32cube.ide.mcu.externaltools.gnu-tools-for-stm32.13.3.rel1.win32_1.0.0.202411081344/tools/bin/../lib/gcc/arm-none-eabi/13.3.1/../../../../arm-none-eabi/lib/thumb/v7e-m+fp/hard\libc_nano.a(libc_a-nano-vfscanf_i.o)
                0x0800e7f4                _scanf_i
 .text.fprintf  0x0800e9dc       0x24 C:/muiinf-seu/STM32CubeIDE/plugins/com.st.stm32cube.ide.mcu.externaltools.gnu-tools-for-stm32.13.3.rel1.win32_1.0.0.202411081344/tools/bin/../lib/gcc/arm-none-eabi/13.3.1/../../../../arm-none-eabi/lib/thumb/v7e-m+fp/hard\libc_nano.a(libc_a-fprintf.o)
                0x0800e9dc                fiprintf
                0x0800e9dc                fprintf
 .text.__swhatbuf_r
                0x0800ea00       0x4c C:/muiinf-seu/STM32CubeIDE/plugins/com.st.stm32cube.ide.mcu.externaltools.gnu-tools-for-stm32.13.3.rel1.win32_1.0.0.202411081344/tools/bin/../lib/gcc/arm-none-eabi/13.3.1/../../../../arm-none-eabi/lib/thumb/v7e-m+fp/hard\libc_nano.a(libc_a-makebuf.o)
                0x0800ea00                __swhatbuf_r
 .text.__smakebuf_r
                0x0800ea4c       0x78 C:/muiinf-seu/STM32CubeIDE/plugins/com.st.stm32cube.ide.mcu.externaltools.gnu-tools-for-stm32.13.3.rel1.win32_1.0.0.202411081344/tools/bin/../lib/gcc/arm-none-eabi/13.3.1/../../../../arm-none-eabi/lib/thumb/v7e-m+fp/hard\libc_nano.a(libc_a-makebuf.o)
                0x0800ea4c                __smakebuf_r
 .text.__sccl   0x0800eac4       0x72 C:/muiinf-seu/STM32CubeIDE/plugins/com.st.stm32cube.ide.mcu.externaltools.gnu-tools-for-stm32.13.3.rel1.win32_1.0.0.202411081344/tools/bin/../lib/gcc/arm-none-eabi/13.3.1/../../../../arm-none-eabi/lib/thumb/v7e-m+fp/hard\libc_nano.a(libc_a-sccl.o)
                0x0800eac4                __sccl
 .text.__submore
                0x0800eb36       0x74 C:/muiinf-seu/STM32CubeIDE/plugins/com.st.stm32cube.ide.mcu.externaltools.gnu-tools-for-stm32.13.3.rel1.win32_1.0.0.202411081344/tools/bin/../lib/gcc/arm-none-eabi/13.3.1/../../../../arm-none-eabi/lib/thumb/v7e-m+fp/hard\libc_nano.a(libc_a-ungetc.o)
                0x0800eb36                __submore
 .text.memmove  0x0800ebaa       0x34 C:/muiinf-seu/STM32CubeIDE/plugins/com.st.stm32cube.ide.mcu.externaltools.gnu-tools-for-stm32.13.3.rel1.win32_1.0.0.202411081344/tools/bin/../lib/gcc/arm-none-eabi/13.3.1/../../../../arm-none-eabi/lib/thumb/v7e-m+fp/hard\libc_nano.a(libc_a-memmove.o)
                0x0800ebaa                memmove
 *fill*         0x0800ebde        0x2 
 .text.__gettzinfo
                0x0800ebe0        0x8 C:/muiinf-seu/STM32CubeIDE/plugins/com.st.stm32cube.ide.mcu.externaltools.gnu-tools-for-stm32.13.3.rel1.win32_1.0.0.202411081344/tools/bin/../lib/gcc/arm-none-eabi/13.3.1/../../../../arm-none-eabi/lib/thumb/v7e-m+fp/hard\libc_nano.a(libc_a-gettzinfo.o)
                0x0800ebe0                __gettzinfo
 .text.gmtime_r
                0x0800ebe8      0x14c C:/muiinf-seu/STM32CubeIDE/plugins/com.st.stm32cube.ide.mcu.externaltools.gnu-tools-for-stm32.13.3.rel1.win32_1.0.0.202411081344/tools/bin/../lib/gcc/arm-none-eabi/13.3.1/../../../../arm-none-eabi/lib/thumb/v7e-m+fp/hard\libc_nano.a(libc_a-gmtime_r.o)
                0x0800ebe8                gmtime_r
 .text._fstat_r
                0x0800ed34       0x24 C:/muiinf-seu/STM32CubeIDE/plugins/com.st.stm32cube.ide.mcu.externaltools.gnu-tools-for-stm32.13.3.rel1.win32_1.0.0.202411081344/tools/bin/../lib/gcc/arm-none-eabi/13.3.1/../../../../arm-none-eabi/lib/thumb/v7e-m+fp/hard\libc_nano.a(libc_a-fstatr.o)
                0x0800ed34                _fstat_r
 .text._isatty_r
                0x0800ed58       0x20 C:/muiinf-seu/STM32CubeIDE/plugins/com.st.stm32cube.ide.mcu.externaltools.gnu-tools-for-stm32.13.3.rel1.win32_1.0.0.202411081344/tools/bin/../lib/gcc/arm-none-eabi/13.3.1/../../../../arm-none-eabi/lib/thumb/v7e-m+fp/hard\libc_nano.a(libc_a-isattyr.o)
                0x0800ed58                _isatty_r
 .text.abort    0x0800ed78        0xe C:/muiinf-seu/STM32CubeIDE/plugins/com.st.stm32cube.ide.mcu.externaltools.gnu-tools-for-stm32.13.3.rel1.win32_1.0.0.202411081344/tools/bin/../lib/gcc/arm-none-eabi/13.3.1/../../../../arm-none-eabi/lib/thumb/v7e-m+fp/hard\libc_nano.a(libc_a-abort.o)
                0x0800ed78                abort
 .text._calloc_r
                0x0800ed86       0x28 C:/muiinf-seu/STM32CubeIDE/plugins/com.st.stm32cube.ide.mcu.externaltools.gnu-tools-for-stm32.13.3.rel1.win32_1.0.0.202411081344/tools/bin/../lib/gcc/arm-none-eabi/13.3.1/../../../../arm-none-eabi/lib/thumb/v7e-m+fp/hard\libc_nano.a(libc_a-callocr.o)
                0x0800ed86                _calloc_r
 *fill*         0x0800edae        0x2 
 .text.__env_lock
                0x0800edb0        0xc C:/muiinf-seu/STM32CubeIDE/plugins/com.st.stm32cube.ide.mcu.externaltools.gnu-tools-for-stm32.13.3.rel1.win32_1.0.0.202411081344/tools/bin/../lib/gcc/arm-none-eabi/13.3.1/../../../../arm-none-eabi/lib/thumb/v7e-m+fp/hard\libc_nano.a(libc_a-envlock.o)
                0x0800edb0                __env_lock
 .text.__env_unlock
                0x0800edbc        0xc C:/muiinf-seu/STM32CubeIDE/plugins/com.st.stm32cube.ide.mcu.externaltools.gnu-tools-for-stm32.13.3.rel1.win32_1.0.0.202411081344/tools/bin/../lib/gcc/arm-none-eabi/13.3.1/../../../../arm-none-eabi/lib/thumb/v7e-m+fp/hard\libc_nano.a(libc_a-envlock.o)